Vivado Simulator v2025.2
Copyright 1986-2022 Xilinx, Inc. All Rights Reserved.
Copyright 2022-2025 Advanced Micro Devices, Inc. All Rights Reserved.
Running: /opt/2025.2/Vivado/bin/unwrapped/lnx64.o/xelab --incr --debug typical --relax --mt 8 -L xil_defaultlib -L xilinx_vip -L unisims_ver -L secureip --snapshot System_Top_wrapper_func_impl xil_defaultlib.System_Top_wrapper xil_defaultlib.glbl -log elaborate.log 
Using 8 slave threads.
WARNING: [XSIM 43-3431] One or more environment variables have been detected which affect the operation of the C compiler. These are typically not set in standard installations and are not tested by AMD, however they may be appropriate for your system, so the flow will attempt to continue.  If errors occur, try running xelab with the "-mt off -v 1" switches to see more information from the C compiler. The following environment variables have been detected:
Starting static elaboration
Pass Through NonSizing Optimizer
Completed static elaboration
Starting simulation data flow analysis
Completed simulation data flow analysis
Time Resolution for simulation is 1ps
Compiling module unisims_ver.PULLUP
Compiling module unisims_ver.LUT6
Compiling module unisims_ver.FDRE_default
Compiling module unisims_ver.LUT5
Compiling module unisims_ver.x_lut2_mux4
Compiling module unisims_ver.LUT2
Compiling module unisims_ver.x_lut3_mux8
Compiling module unisims_ver.LUT3
Compiling module unisims_ver.x_lut1_mux2
Compiling module unisims_ver.LUT1
Compiling module xil_defaultlib.System_Top_AXI_ArrayProc_0_0_AXI...
Compiling module xil_defaultlib.System_Top_AXI_ArrayProc_0_0_AXI...
Compiling module xil_defaultlib.System_Top_AXI_ArrayProc_0_0
Compiling module unisims_ver.GND
Compiling module xil_defaultlib.System_Top_BRAM_Wrapper_0_0_BRAM...
Compiling module xil_defaultlib.System_Top_BRAM_Wrapper_0_0
Compiling module unisims_ver.FDCE_default
Compiling module xil_defaultlib.System_Top_Top_0_0_ALU_bitserial...
Compiling module unisims_ver.MUXF7
Compiling module unisims_ver.MUXF8
Compiling module unisims_ver.RAM32X1D
Compiling module xil_defaultlib.System_Top_Top_0_0_Register_File...
Compiling module xil_defaultlib.System_Top_Top_0_0_PE_Main
Compiling module xil_defaultlib.System_Top_Top_0_0_ALU_bitserial...
Compiling module xil_defaultlib.System_Top_Top_0_0_Register_File...
Compiling module xil_defaultlib.System_Top_Top_0_0_PE_Main_0
Compiling module xil_defaultlib.System_Top_Top_0_0_ALU_bitserial...
Compiling module xil_defaultlib.System_Top_Top_0_0_Register_File...
Compiling module xil_defaultlib.System_Top_Top_0_0_PE_Main_1
Compiling module xil_defaultlib.System_Top_Top_0_0_ALU_bitserial...
Compiling module xil_defaultlib.System_Top_Top_0_0_Register_File...
Compiling module xil_defaultlib.System_Top_Top_0_0_PE_Main_2
Compiling module xil_defaultlib.System_Top_Top_0_0_ALU_bitserial...
Compiling module xil_defaultlib.System_Top_Top_0_0_Register_File...
Compiling module xil_defaultlib.System_Top_Top_0_0_PE_Main_3
Compiling module xil_defaultlib.System_Top_Top_0_0_ALU_bitserial...
Compiling module xil_defaultlib.System_Top_Top_0_0_Register_File...
Compiling module xil_defaultlib.System_Top_Top_0_0_PE_Main_4
Compiling module xil_defaultlib.System_Top_Top_0_0_ALU_bitserial...
Compiling module xil_defaultlib.System_Top_Top_0_0_Register_File...
Compiling module xil_defaultlib.System_Top_Top_0_0_PE_Main_5
Compiling module xil_defaultlib.System_Top_Top_0_0_ALU_bitserial...
Compiling module xil_defaultlib.System_Top_Top_0_0_Register_File...
Compiling module xil_defaultlib.System_Top_Top_0_0_PE_Main_6
Compiling module xil_defaultlib.System_Top_Top_0_0_ALU_bitserial...
Compiling module xil_defaultlib.System_Top_Top_0_0_Register_File...
Compiling module xil_defaultlib.System_Top_Top_0_0_PE_Main_7
Compiling module xil_defaultlib.System_Top_Top_0_0_ALU_bitserial...
Compiling module xil_defaultlib.System_Top_Top_0_0_Register_File...
Compiling module xil_defaultlib.System_Top_Top_0_0_PE_Main_8
Compiling module xil_defaultlib.System_Top_Top_0_0_ALU_bitserial...
Compiling module xil_defaultlib.System_Top_Top_0_0_Register_File...
Compiling module xil_defaultlib.System_Top_Top_0_0_PE_Main_9
Compiling module xil_defaultlib.System_Top_Top_0_0_ALU_bitserial...
Compiling module xil_defaultlib.System_Top_Top_0_0_Register_File...
Compiling module xil_defaultlib.System_Top_Top_0_0_PE_Main_10
Compiling module xil_defaultlib.System_Top_Top_0_0_ALU_bitserial...
Compiling module xil_defaultlib.System_Top_Top_0_0_Register_File...
Compiling module xil_defaultlib.System_Top_Top_0_0_PE_Main_11
Compiling module xil_defaultlib.System_Top_Top_0_0_ALU_bitserial...
Compiling module xil_defaultlib.System_Top_Top_0_0_Register_File...
Compiling module xil_defaultlib.System_Top_Top_0_0_PE_Main_12
Compiling module xil_defaultlib.System_Top_Top_0_0_ALU_bitserial...
Compiling module xil_defaultlib.System_Top_Top_0_0_Register_File...
Compiling module xil_defaultlib.System_Top_Top_0_0_PE_Main_13
Compiling module xil_defaultlib.System_Top_Top_0_0_ALU_bitserial...
Compiling module xil_defaultlib.System_Top_Top_0_0_Register_File...
Compiling module xil_defaultlib.System_Top_Top_0_0_PE_Main_14
Compiling module xil_defaultlib.System_Top_Top_0_0_ALU_bitserial...
Compiling module xil_defaultlib.System_Top_Top_0_0_Register_File...
Compiling module xil_defaultlib.System_Top_Top_0_0_PE_Main_15
Compiling module xil_defaultlib.System_Top_Top_0_0_ALU_bitserial...
Compiling module xil_defaultlib.System_Top_Top_0_0_Register_File...
Compiling module xil_defaultlib.System_Top_Top_0_0_PE_Main_16
Compiling module xil_defaultlib.System_Top_Top_0_0_ALU_bitserial...
Compiling module xil_defaultlib.System_Top_Top_0_0_Register_File...
Compiling module xil_defaultlib.System_Top_Top_0_0_PE_Main_17
Compiling module xil_defaultlib.System_Top_Top_0_0_ALU_bitserial...
Compiling module xil_defaultlib.System_Top_Top_0_0_Register_File...
Compiling module xil_defaultlib.System_Top_Top_0_0_PE_Main_18
Compiling module xil_defaultlib.System_Top_Top_0_0_ALU_bitserial...
Compiling module xil_defaultlib.System_Top_Top_0_0_Register_File...
Compiling module xil_defaultlib.System_Top_Top_0_0_PE_Main_19
Compiling module xil_defaultlib.System_Top_Top_0_0_ALU_bitserial...
Compiling module xil_defaultlib.System_Top_Top_0_0_Register_File...
Compiling module xil_defaultlib.System_Top_Top_0_0_PE_Main_20
Compiling module xil_defaultlib.System_Top_Top_0_0_ALU_bitserial...
Compiling module xil_defaultlib.System_Top_Top_0_0_Register_File...
Compiling module xil_defaultlib.System_Top_Top_0_0_PE_Main_21
Compiling module xil_defaultlib.System_Top_Top_0_0_ALU_bitserial...
Compiling module xil_defaultlib.System_Top_Top_0_0_Register_File...
Compiling module xil_defaultlib.System_Top_Top_0_0_PE_Main_22
Compiling module xil_defaultlib.System_Top_Top_0_0_ALU_bitserial...
Compiling module xil_defaultlib.System_Top_Top_0_0_Register_File...
Compiling module xil_defaultlib.System_Top_Top_0_0_PE_Main_23
Compiling module xil_defaultlib.System_Top_Top_0_0_ALU_bitserial...
Compiling module xil_defaultlib.System_Top_Top_0_0_Register_File...
Compiling module xil_defaultlib.System_Top_Top_0_0_PE_Main_24
Compiling module xil_defaultlib.System_Top_Top_0_0_ALU_bitserial...
Compiling module xil_defaultlib.System_Top_Top_0_0_Register_File...
Compiling module xil_defaultlib.System_Top_Top_0_0_PE_Main_25
Compiling module xil_defaultlib.System_Top_Top_0_0_ALU_bitserial...
Compiling module xil_defaultlib.System_Top_Top_0_0_Register_File...
Compiling module xil_defaultlib.System_Top_Top_0_0_PE_Main_26
Compiling module xil_defaultlib.System_Top_Top_0_0_ALU_bitserial...
Compiling module xil_defaultlib.System_Top_Top_0_0_Register_File...
Compiling module xil_defaultlib.System_Top_Top_0_0_PE_Main_27
Compiling module xil_defaultlib.System_Top_Top_0_0_ALU_bitserial...
Compiling module xil_defaultlib.System_Top_Top_0_0_Register_File...
Compiling module xil_defaultlib.System_Top_Top_0_0_PE_Main_28
Compiling module xil_defaultlib.System_Top_Top_0_0_ALU_bitserial...
Compiling module xil_defaultlib.System_Top_Top_0_0_Register_File...
Compiling module xil_defaultlib.System_Top_Top_0_0_PE_Main_29
Compiling module xil_defaultlib.System_Top_Top_0_0_ALU_bitserial...
Compiling module xil_defaultlib.System_Top_Top_0_0_Register_File...
Compiling module xil_defaultlib.System_Top_Top_0_0_PE_Main_30
Compiling module xil_defaultlib.System_Top_Top_0_0_ALU_bitserial...
Compiling module xil_defaultlib.System_Top_Top_0_0_Register_File...
Compiling module xil_defaultlib.System_Top_Top_0_0_PE_Main_31
Compiling module xil_defaultlib.System_Top_Top_0_0_ALU_bitserial...
Compiling module xil_defaultlib.System_Top_Top_0_0_Register_File...
Compiling module xil_defaultlib.System_Top_Top_0_0_PE_Main_32
Compiling module xil_defaultlib.System_Top_Top_0_0_ALU_bitserial...
Compiling module xil_defaultlib.System_Top_Top_0_0_Register_File...
Compiling module xil_defaultlib.System_Top_Top_0_0_PE_Main_33
Compiling module xil_defaultlib.System_Top_Top_0_0_ALU_bitserial...
Compiling module xil_defaultlib.System_Top_Top_0_0_Register_File...
Compiling module xil_defaultlib.System_Top_Top_0_0_PE_Main_34
Compiling module xil_defaultlib.System_Top_Top_0_0_ALU_bitserial...
Compiling module xil_defaultlib.System_Top_Top_0_0_Register_File...
Compiling module xil_defaultlib.System_Top_Top_0_0_PE_Main_35
Compiling module xil_defaultlib.System_Top_Top_0_0_ALU_bitserial...
Compiling module xil_defaultlib.System_Top_Top_0_0_Register_File...
Compiling module xil_defaultlib.System_Top_Top_0_0_PE_Main_36
Compiling module xil_defaultlib.System_Top_Top_0_0_ALU_bitserial...
Compiling module xil_defaultlib.System_Top_Top_0_0_Register_File...
Compiling module xil_defaultlib.System_Top_Top_0_0_PE_Main_37
Compiling module xil_defaultlib.System_Top_Top_0_0_ALU_bitserial...
Compiling module xil_defaultlib.System_Top_Top_0_0_Register_File...
Compiling module xil_defaultlib.System_Top_Top_0_0_PE_Main_38
Compiling module xil_defaultlib.System_Top_Top_0_0_ALU_bitserial...
Compiling module xil_defaultlib.System_Top_Top_0_0_Register_File...
Compiling module xil_defaultlib.System_Top_Top_0_0_PE_Main_39
Compiling module xil_defaultlib.System_Top_Top_0_0_ALU_bitserial...
Compiling module xil_defaultlib.System_Top_Top_0_0_Register_File...
Compiling module xil_defaultlib.System_Top_Top_0_0_PE_Main_40
Compiling module xil_defaultlib.System_Top_Top_0_0_ALU_bitserial...
Compiling module xil_defaultlib.System_Top_Top_0_0_Register_File...
Compiling module xil_defaultlib.System_Top_Top_0_0_PE_Main_41
Compiling module xil_defaultlib.System_Top_Top_0_0_ALU_bitserial...
Compiling module xil_defaultlib.System_Top_Top_0_0_Register_File...
Compiling module xil_defaultlib.System_Top_Top_0_0_PE_Main_42
Compiling module xil_defaultlib.System_Top_Top_0_0_ALU_bitserial...
Compiling module xil_defaultlib.System_Top_Top_0_0_Register_File...
Compiling module xil_defaultlib.System_Top_Top_0_0_PE_Main_43
Compiling module xil_defaultlib.System_Top_Top_0_0_ALU_bitserial...
Compiling module xil_defaultlib.System_Top_Top_0_0_Register_File...
Compiling module xil_defaultlib.System_Top_Top_0_0_PE_Main_44
Compiling module xil_defaultlib.System_Top_Top_0_0_ALU_bitserial...
Compiling module xil_defaultlib.System_Top_Top_0_0_Register_File...
Compiling module xil_defaultlib.System_Top_Top_0_0_PE_Main_45
Compiling module xil_defaultlib.System_Top_Top_0_0_ALU_bitserial...
Compiling module xil_defaultlib.System_Top_Top_0_0_Register_File...
Compiling module xil_defaultlib.System_Top_Top_0_0_PE_Main_46
Compiling module xil_defaultlib.System_Top_Top_0_0_ALU_bitserial...
Compiling module xil_defaultlib.System_Top_Top_0_0_Register_File...
Compiling module xil_defaultlib.System_Top_Top_0_0_PE_Main_47
Compiling module xil_defaultlib.System_Top_Top_0_0_ALU_bitserial...
Compiling module xil_defaultlib.System_Top_Top_0_0_Register_File...
Compiling module xil_defaultlib.System_Top_Top_0_0_PE_Main_48
Compiling module xil_defaultlib.System_Top_Top_0_0_ALU_bitserial...
Compiling module xil_defaultlib.System_Top_Top_0_0_Register_File...
Compiling module xil_defaultlib.System_Top_Top_0_0_PE_Main_49
Compiling module xil_defaultlib.System_Top_Top_0_0_ALU_bitserial...
Compiling module xil_defaultlib.System_Top_Top_0_0_Register_File...
Compiling module xil_defaultlib.System_Top_Top_0_0_PE_Main_50
Compiling module xil_defaultlib.System_Top_Top_0_0_ALU_bitserial...
Compiling module xil_defaultlib.System_Top_Top_0_0_Register_File...
Compiling module xil_defaultlib.System_Top_Top_0_0_PE_Main_51
Compiling module xil_defaultlib.System_Top_Top_0_0_ALU_bitserial...
Compiling module xil_defaultlib.System_Top_Top_0_0_Register_File...
Compiling module xil_defaultlib.System_Top_Top_0_0_PE_Main_52
Compiling module xil_defaultlib.System_Top_Top_0_0_ALU_bitserial...
Compiling module xil_defaultlib.System_Top_Top_0_0_Register_File...
Compiling module xil_defaultlib.System_Top_Top_0_0_PE_Main_53
Compiling module xil_defaultlib.System_Top_Top_0_0_ALU_bitserial...
Compiling module xil_defaultlib.System_Top_Top_0_0_Register_File...
Compiling module xil_defaultlib.System_Top_Top_0_0_PE_Main_54
Compiling module xil_defaultlib.System_Top_Top_0_0_ALU_bitserial...
Compiling module xil_defaultlib.System_Top_Top_0_0_Register_File...
Compiling module xil_defaultlib.System_Top_Top_0_0_PE_Main_55
Compiling module xil_defaultlib.System_Top_Top_0_0_ALU_bitserial...
Compiling module xil_defaultlib.System_Top_Top_0_0_Register_File...
Compiling module xil_defaultlib.System_Top_Top_0_0_PE_Main_56
Compiling module xil_defaultlib.System_Top_Top_0_0_ALU_bitserial...
Compiling module xil_defaultlib.System_Top_Top_0_0_Register_File...
Compiling module xil_defaultlib.System_Top_Top_0_0_PE_Main_57
Compiling module xil_defaultlib.System_Top_Top_0_0_ALU_bitserial...
Compiling module xil_defaultlib.System_Top_Top_0_0_Register_File...
Compiling module xil_defaultlib.System_Top_Top_0_0_PE_Main_58
Compiling module xil_defaultlib.System_Top_Top_0_0_ALU_bitserial...
Compiling module xil_defaultlib.System_Top_Top_0_0_Register_File...
Compiling module xil_defaultlib.System_Top_Top_0_0_PE_Main_59
Compiling module xil_defaultlib.System_Top_Top_0_0_ALU_bitserial...
Compiling module xil_defaultlib.System_Top_Top_0_0_Register_File...
Compiling module xil_defaultlib.System_Top_Top_0_0_PE_Main_60
Compiling module xil_defaultlib.System_Top_Top_0_0_ALU_bitserial...
Compiling module xil_defaultlib.System_Top_Top_0_0_Register_File...
Compiling module xil_defaultlib.System_Top_Top_0_0_PE_Main_61
Compiling module xil_defaultlib.System_Top_Top_0_0_ALU_bitserial...
Compiling module xil_defaultlib.System_Top_Top_0_0_Register_File...
Compiling module xil_defaultlib.System_Top_Top_0_0_PE_Main_62
Compiling module xil_defaultlib.System_Top_Top_0_0_ALU_bitserial...
Compiling module xil_defaultlib.System_Top_Top_0_0_Register_File...
Compiling module xil_defaultlib.System_Top_Top_0_0_PE_Main_63
Compiling module xil_defaultlib.System_Top_Top_0_0_ALU_bitserial...
Compiling module xil_defaultlib.System_Top_Top_0_0_Register_File...
Compiling module xil_defaultlib.System_Top_Top_0_0_PE_Main_64
Compiling module xil_defaultlib.System_Top_Top_0_0_ALU_bitserial...
Compiling module xil_defaultlib.System_Top_Top_0_0_Register_File...
Compiling module xil_defaultlib.System_Top_Top_0_0_PE_Main_65
Compiling module xil_defaultlib.System_Top_Top_0_0_ALU_bitserial...
Compiling module xil_defaultlib.System_Top_Top_0_0_Register_File...
Compiling module xil_defaultlib.System_Top_Top_0_0_PE_Main_66
Compiling module xil_defaultlib.System_Top_Top_0_0_ALU_bitserial...
Compiling module xil_defaultlib.System_Top_Top_0_0_Register_File...
Compiling module xil_defaultlib.System_Top_Top_0_0_PE_Main_67
Compiling module xil_defaultlib.System_Top_Top_0_0_ALU_bitserial...
Compiling module xil_defaultlib.System_Top_Top_0_0_Register_File...
Compiling module xil_defaultlib.System_Top_Top_0_0_PE_Main_68
Compiling module xil_defaultlib.System_Top_Top_0_0_ALU_bitserial...
Compiling module xil_defaultlib.System_Top_Top_0_0_Register_File...
Compiling module xil_defaultlib.System_Top_Top_0_0_PE_Main_69
Compiling module xil_defaultlib.System_Top_Top_0_0_ALU_bitserial...
Compiling module xil_defaultlib.System_Top_Top_0_0_Register_File...
Compiling module xil_defaultlib.System_Top_Top_0_0_PE_Main_70
Compiling module xil_defaultlib.System_Top_Top_0_0_ALU_bitserial...
Compiling module xil_defaultlib.System_Top_Top_0_0_Register_File...
Compiling module xil_defaultlib.System_Top_Top_0_0_PE_Main_71
Compiling module xil_defaultlib.System_Top_Top_0_0_ALU_bitserial...
Compiling module xil_defaultlib.System_Top_Top_0_0_Register_File...
Compiling module xil_defaultlib.System_Top_Top_0_0_PE_Main_72
Compiling module xil_defaultlib.System_Top_Top_0_0_ALU_bitserial...
Compiling module xil_defaultlib.System_Top_Top_0_0_Register_File...
Compiling module xil_defaultlib.System_Top_Top_0_0_PE_Main_73
Compiling module xil_defaultlib.System_Top_Top_0_0_ALU_bitserial...
Compiling module xil_defaultlib.System_Top_Top_0_0_Register_File...
Compiling module xil_defaultlib.System_Top_Top_0_0_PE_Main_74
Compiling module xil_defaultlib.System_Top_Top_0_0_ALU_bitserial...
Compiling module xil_defaultlib.System_Top_Top_0_0_Register_File...
Compiling module xil_defaultlib.System_Top_Top_0_0_PE_Main_75
Compiling module xil_defaultlib.System_Top_Top_0_0_ALU_bitserial...
Compiling module xil_defaultlib.System_Top_Top_0_0_Register_File...
Compiling module xil_defaultlib.System_Top_Top_0_0_PE_Main_76
Compiling module xil_defaultlib.System_Top_Top_0_0_ALU_bitserial...
Compiling module xil_defaultlib.System_Top_Top_0_0_Register_File...
Compiling module xil_defaultlib.System_Top_Top_0_0_PE_Main_77
Compiling module xil_defaultlib.System_Top_Top_0_0_ALU_bitserial...
Compiling module xil_defaultlib.System_Top_Top_0_0_Register_File...
Compiling module xil_defaultlib.System_Top_Top_0_0_PE_Main_78
Compiling module xil_defaultlib.System_Top_Top_0_0_ALU_bitserial...
Compiling module xil_defaultlib.System_Top_Top_0_0_Register_File...
Compiling module xil_defaultlib.System_Top_Top_0_0_PE_Main_79
Compiling module xil_defaultlib.System_Top_Top_0_0_ALU_bitserial...
Compiling module xil_defaultlib.System_Top_Top_0_0_Register_File...
Compiling module xil_defaultlib.System_Top_Top_0_0_PE_Main_80
Compiling module xil_defaultlib.System_Top_Top_0_0_ALU_bitserial...
Compiling module xil_defaultlib.System_Top_Top_0_0_Register_File...
Compiling module xil_defaultlib.System_Top_Top_0_0_PE_Main_81
Compiling module xil_defaultlib.System_Top_Top_0_0_ALU_bitserial...
Compiling module xil_defaultlib.System_Top_Top_0_0_Register_File...
Compiling module xil_defaultlib.System_Top_Top_0_0_PE_Main_82
Compiling module xil_defaultlib.System_Top_Top_0_0_ALU_bitserial...
Compiling module xil_defaultlib.System_Top_Top_0_0_Register_File...
Compiling module xil_defaultlib.System_Top_Top_0_0_PE_Main_83
Compiling module xil_defaultlib.System_Top_Top_0_0_ALU_bitserial...
Compiling module xil_defaultlib.System_Top_Top_0_0_Register_File...
Compiling module xil_defaultlib.System_Top_Top_0_0_PE_Main_84
Compiling module xil_defaultlib.System_Top_Top_0_0_ALU_bitserial...
Compiling module xil_defaultlib.System_Top_Top_0_0_Register_File...
Compiling module xil_defaultlib.System_Top_Top_0_0_PE_Main_85
Compiling module xil_defaultlib.System_Top_Top_0_0_ALU_bitserial...
Compiling module xil_defaultlib.System_Top_Top_0_0_Register_File...
Compiling module xil_defaultlib.System_Top_Top_0_0_PE_Main_86
Compiling module xil_defaultlib.System_Top_Top_0_0_ALU_bitserial...
Compiling module xil_defaultlib.System_Top_Top_0_0_Register_File...
Compiling module xil_defaultlib.System_Top_Top_0_0_PE_Main_87
Compiling module xil_defaultlib.System_Top_Top_0_0_ALU_bitserial...
Compiling module xil_defaultlib.System_Top_Top_0_0_Register_File...
Compiling module xil_defaultlib.System_Top_Top_0_0_PE_Main_88
Compiling module xil_defaultlib.System_Top_Top_0_0_ALU_bitserial...
Compiling module xil_defaultlib.System_Top_Top_0_0_Register_File...
Compiling module xil_defaultlib.System_Top_Top_0_0_PE_Main_89
Compiling module xil_defaultlib.System_Top_Top_0_0_ALU_bitserial...
Compiling module xil_defaultlib.System_Top_Top_0_0_Register_File...
Compiling module xil_defaultlib.System_Top_Top_0_0_PE_Main_90
Compiling module xil_defaultlib.System_Top_Top_0_0_ALU_bitserial...
Compiling module xil_defaultlib.System_Top_Top_0_0_Register_File...
Compiling module xil_defaultlib.System_Top_Top_0_0_PE_Main_91
Compiling module xil_defaultlib.System_Top_Top_0_0_ALU_bitserial...
Compiling module xil_defaultlib.System_Top_Top_0_0_Register_File...
Compiling module xil_defaultlib.System_Top_Top_0_0_PE_Main_92
Compiling module xil_defaultlib.System_Top_Top_0_0_ALU_bitserial...
Compiling module xil_defaultlib.System_Top_Top_0_0_Register_File...
Compiling module xil_defaultlib.System_Top_Top_0_0_PE_Main_93
Compiling module xil_defaultlib.System_Top_Top_0_0_ALU_bitserial...
Compiling module xil_defaultlib.System_Top_Top_0_0_Register_File...
Compiling module xil_defaultlib.System_Top_Top_0_0_PE_Main_94
Compiling module xil_defaultlib.System_Top_Top_0_0_ALU_bitserial...
Compiling module xil_defaultlib.System_Top_Top_0_0_Register_File...
Compiling module xil_defaultlib.System_Top_Top_0_0_PE_Main_95
Compiling module xil_defaultlib.System_Top_Top_0_0_ALU_bitserial...
Compiling module xil_defaultlib.System_Top_Top_0_0_Register_File...
Compiling module xil_defaultlib.System_Top_Top_0_0_PE_Main_96
Compiling module xil_defaultlib.System_Top_Top_0_0_ALU_bitserial...
Compiling module xil_defaultlib.System_Top_Top_0_0_Register_File...
Compiling module xil_defaultlib.System_Top_Top_0_0_PE_Main_97
Compiling module xil_defaultlib.System_Top_Top_0_0_ALU_bitserial...
Compiling module xil_defaultlib.System_Top_Top_0_0_Register_File...
Compiling module xil_defaultlib.System_Top_Top_0_0_PE_Main_98
Compiling module xil_defaultlib.System_Top_Top_0_0_ALU_bitserial...
Compiling module xil_defaultlib.System_Top_Top_0_0_Register_File...
Compiling module xil_defaultlib.System_Top_Top_0_0_PE_Main_99
Compiling module xil_defaultlib.System_Top_Top_0_0_ALU_bitserial...
Compiling module xil_defaultlib.System_Top_Top_0_0_Register_File...
Compiling module xil_defaultlib.System_Top_Top_0_0_PE_Main_100
Compiling module xil_defaultlib.System_Top_Top_0_0_ALU_bitserial...
Compiling module xil_defaultlib.System_Top_Top_0_0_Register_File...
Compiling module xil_defaultlib.System_Top_Top_0_0_PE_Main_101
Compiling module xil_defaultlib.System_Top_Top_0_0_ALU_bitserial...
Compiling module xil_defaultlib.System_Top_Top_0_0_Register_File...
Compiling module xil_defaultlib.System_Top_Top_0_0_PE_Main_102
Compiling module xil_defaultlib.System_Top_Top_0_0_ALU_bitserial...
Compiling module xil_defaultlib.System_Top_Top_0_0_Register_File...
Compiling module xil_defaultlib.System_Top_Top_0_0_PE_Main_103
Compiling module xil_defaultlib.System_Top_Top_0_0_ALU_bitserial...
Compiling module xil_defaultlib.System_Top_Top_0_0_Register_File...
Compiling module xil_defaultlib.System_Top_Top_0_0_PE_Main_104
Compiling module xil_defaultlib.System_Top_Top_0_0_ALU_bitserial...
Compiling module xil_defaultlib.System_Top_Top_0_0_Register_File...
Compiling module xil_defaultlib.System_Top_Top_0_0_PE_Main_105
Compiling module xil_defaultlib.System_Top_Top_0_0_ALU_bitserial...
Compiling module xil_defaultlib.System_Top_Top_0_0_Register_File...
Compiling module xil_defaultlib.System_Top_Top_0_0_PE_Main_106
Compiling module xil_defaultlib.System_Top_Top_0_0_ALU_bitserial...
Compiling module xil_defaultlib.System_Top_Top_0_0_Register_File...
Compiling module xil_defaultlib.System_Top_Top_0_0_PE_Main_107
Compiling module xil_defaultlib.System_Top_Top_0_0_ALU_bitserial...
Compiling module xil_defaultlib.System_Top_Top_0_0_Register_File...
Compiling module xil_defaultlib.System_Top_Top_0_0_PE_Main_108
Compiling module xil_defaultlib.System_Top_Top_0_0_ALU_bitserial...
Compiling module xil_defaultlib.System_Top_Top_0_0_Register_File...
Compiling module xil_defaultlib.System_Top_Top_0_0_PE_Main_109
Compiling module xil_defaultlib.System_Top_Top_0_0_ALU_bitserial...
Compiling module xil_defaultlib.System_Top_Top_0_0_Register_File...
Compiling module xil_defaultlib.System_Top_Top_0_0_PE_Main_110
Compiling module xil_defaultlib.System_Top_Top_0_0_ALU_bitserial...
Compiling module xil_defaultlib.System_Top_Top_0_0_Register_File...
Compiling module xil_defaultlib.System_Top_Top_0_0_PE_Main_111
Compiling module xil_defaultlib.System_Top_Top_0_0_ALU_bitserial...
Compiling module xil_defaultlib.System_Top_Top_0_0_Register_File...
Compiling module xil_defaultlib.System_Top_Top_0_0_PE_Main_112
Compiling module xil_defaultlib.System_Top_Top_0_0_ALU_bitserial...
Compiling module xil_defaultlib.System_Top_Top_0_0_Register_File...
Compiling module xil_defaultlib.System_Top_Top_0_0_PE_Main_113
Compiling module xil_defaultlib.System_Top_Top_0_0_ALU_bitserial...
Compiling module xil_defaultlib.System_Top_Top_0_0_Register_File...
Compiling module xil_defaultlib.System_Top_Top_0_0_PE_Main_114
Compiling module xil_defaultlib.System_Top_Top_0_0_ALU_bitserial...
Compiling module xil_defaultlib.System_Top_Top_0_0_Register_File...
Compiling module xil_defaultlib.System_Top_Top_0_0_PE_Main_115
Compiling module xil_defaultlib.System_Top_Top_0_0_ALU_bitserial...
Compiling module xil_defaultlib.System_Top_Top_0_0_Register_File...
Compiling module xil_defaultlib.System_Top_Top_0_0_PE_Main_116
Compiling module xil_defaultlib.System_Top_Top_0_0_ALU_bitserial...
Compiling module xil_defaultlib.System_Top_Top_0_0_Register_File...
Compiling module xil_defaultlib.System_Top_Top_0_0_PE_Main_117
Compiling module xil_defaultlib.System_Top_Top_0_0_ALU_bitserial...
Compiling module xil_defaultlib.System_Top_Top_0_0_Register_File...
Compiling module xil_defaultlib.System_Top_Top_0_0_PE_Main_118
Compiling module xil_defaultlib.System_Top_Top_0_0_ALU_bitserial...
Compiling module xil_defaultlib.System_Top_Top_0_0_Register_File...
Compiling module xil_defaultlib.System_Top_Top_0_0_PE_Main_119
Compiling module xil_defaultlib.System_Top_Top_0_0_ALU_bitserial...
Compiling module xil_defaultlib.System_Top_Top_0_0_Register_File...
Compiling module xil_defaultlib.System_Top_Top_0_0_PE_Main_120
Compiling module xil_defaultlib.System_Top_Top_0_0_ALU_bitserial...
Compiling module xil_defaultlib.System_Top_Top_0_0_Register_File...
Compiling module xil_defaultlib.System_Top_Top_0_0_PE_Main_121
Compiling module xil_defaultlib.System_Top_Top_0_0_ALU_bitserial...
Compiling module xil_defaultlib.System_Top_Top_0_0_Register_File...
Compiling module xil_defaultlib.System_Top_Top_0_0_PE_Main_122
Compiling module xil_defaultlib.System_Top_Top_0_0_ALU_bitserial...
Compiling module xil_defaultlib.System_Top_Top_0_0_Register_File...
Compiling module xil_defaultlib.System_Top_Top_0_0_PE_Main_123
Compiling module xil_defaultlib.System_Top_Top_0_0_ALU_bitserial...
Compiling module xil_defaultlib.System_Top_Top_0_0_Register_File...
Compiling module xil_defaultlib.System_Top_Top_0_0_PE_Main_124
Compiling module xil_defaultlib.System_Top_Top_0_0_ALU_bitserial...
Compiling module xil_defaultlib.System_Top_Top_0_0_Register_File...
Compiling module xil_defaultlib.System_Top_Top_0_0_PE_Main_125
Compiling module xil_defaultlib.System_Top_Top_0_0_ALU_bitserial...
Compiling module xil_defaultlib.System_Top_Top_0_0_Register_File...
Compiling module xil_defaultlib.System_Top_Top_0_0_PE_Main_126
Compiling module xil_defaultlib.System_Top_Top_0_0_ALU_bitserial...
Compiling module xil_defaultlib.System_Top_Top_0_0_Register_File...
Compiling module xil_defaultlib.System_Top_Top_0_0_PE_Main_127
Compiling module xil_defaultlib.System_Top_Top_0_0_ALU_bitserial...
Compiling module xil_defaultlib.System_Top_Top_0_0_Register_File...
Compiling module xil_defaultlib.System_Top_Top_0_0_PE_Main_128
Compiling module xil_defaultlib.System_Top_Top_0_0_ALU_bitserial...
Compiling module xil_defaultlib.System_Top_Top_0_0_Register_File...
Compiling module xil_defaultlib.System_Top_Top_0_0_PE_Main_129
Compiling module xil_defaultlib.System_Top_Top_0_0_ALU_bitserial...
Compiling module xil_defaultlib.System_Top_Top_0_0_Register_File...
Compiling module xil_defaultlib.System_Top_Top_0_0_PE_Main_130
Compiling module xil_defaultlib.System_Top_Top_0_0_ALU_bitserial...
Compiling module xil_defaultlib.System_Top_Top_0_0_Register_File...
Compiling module xil_defaultlib.System_Top_Top_0_0_PE_Main_131
Compiling module xil_defaultlib.System_Top_Top_0_0_ALU_bitserial...
Compiling module xil_defaultlib.System_Top_Top_0_0_Register_File...
Compiling module xil_defaultlib.System_Top_Top_0_0_PE_Main_132
Compiling module xil_defaultlib.System_Top_Top_0_0_ALU_bitserial...
Compiling module xil_defaultlib.System_Top_Top_0_0_Register_File...
Compiling module xil_defaultlib.System_Top_Top_0_0_PE_Main_133
Compiling module xil_defaultlib.System_Top_Top_0_0_ALU_bitserial...
Compiling module xil_defaultlib.System_Top_Top_0_0_Register_File...
Compiling module xil_defaultlib.System_Top_Top_0_0_PE_Main_134
Compiling module xil_defaultlib.System_Top_Top_0_0_ALU_bitserial...
Compiling module xil_defaultlib.System_Top_Top_0_0_Register_File...
Compiling module xil_defaultlib.System_Top_Top_0_0_PE_Main_135
Compiling module xil_defaultlib.System_Top_Top_0_0_ALU_bitserial...
Compiling module xil_defaultlib.System_Top_Top_0_0_Register_File...
Compiling module xil_defaultlib.System_Top_Top_0_0_PE_Main_136
Compiling module xil_defaultlib.System_Top_Top_0_0_ALU_bitserial...
Compiling module xil_defaultlib.System_Top_Top_0_0_Register_File...
Compiling module xil_defaultlib.System_Top_Top_0_0_PE_Main_137
Compiling module xil_defaultlib.System_Top_Top_0_0_ALU_bitserial...
Compiling module xil_defaultlib.System_Top_Top_0_0_Register_File...
Compiling module xil_defaultlib.System_Top_Top_0_0_PE_Main_138
Compiling module xil_defaultlib.System_Top_Top_0_0_ALU_bitserial...
Compiling module xil_defaultlib.System_Top_Top_0_0_Register_File...
Compiling module xil_defaultlib.System_Top_Top_0_0_PE_Main_139
Compiling module xil_defaultlib.System_Top_Top_0_0_ALU_bitserial...
Compiling module xil_defaultlib.System_Top_Top_0_0_Register_File...
Compiling module xil_defaultlib.System_Top_Top_0_0_PE_Main_140
Compiling module xil_defaultlib.System_Top_Top_0_0_ALU_bitserial...
Compiling module xil_defaultlib.System_Top_Top_0_0_Register_File...
Compiling module xil_defaultlib.System_Top_Top_0_0_PE_Main_141
Compiling module xil_defaultlib.System_Top_Top_0_0_ALU_bitserial...
Compiling module xil_defaultlib.System_Top_Top_0_0_Register_File...
Compiling module xil_defaultlib.System_Top_Top_0_0_PE_Main_142
Compiling module xil_defaultlib.System_Top_Top_0_0_ALU_bitserial...
Compiling module xil_defaultlib.System_Top_Top_0_0_Register_File...
Compiling module xil_defaultlib.System_Top_Top_0_0_PE_Main_143
Compiling module xil_defaultlib.System_Top_Top_0_0_ALU_bitserial...
Compiling module xil_defaultlib.System_Top_Top_0_0_Register_File...
Compiling module xil_defaultlib.System_Top_Top_0_0_PE_Main_144
Compiling module xil_defaultlib.System_Top_Top_0_0_ALU_bitserial...
Compiling module xil_defaultlib.System_Top_Top_0_0_Register_File...
Compiling module xil_defaultlib.System_Top_Top_0_0_PE_Main_145
Compiling module xil_defaultlib.System_Top_Top_0_0_ALU_bitserial...
Compiling module xil_defaultlib.System_Top_Top_0_0_Register_File...
Compiling module xil_defaultlib.System_Top_Top_0_0_PE_Main_146
Compiling module xil_defaultlib.System_Top_Top_0_0_ALU_bitserial...
Compiling module xil_defaultlib.System_Top_Top_0_0_Register_File...
Compiling module xil_defaultlib.System_Top_Top_0_0_PE_Main_147
Compiling module xil_defaultlib.System_Top_Top_0_0_ALU_bitserial...
Compiling module xil_defaultlib.System_Top_Top_0_0_Register_File...
Compiling module xil_defaultlib.System_Top_Top_0_0_PE_Main_148
Compiling module xil_defaultlib.System_Top_Top_0_0_ALU_bitserial...
Compiling module xil_defaultlib.System_Top_Top_0_0_Register_File...
Compiling module xil_defaultlib.System_Top_Top_0_0_PE_Main_149
Compiling module xil_defaultlib.System_Top_Top_0_0_ALU_bitserial...
Compiling module xil_defaultlib.System_Top_Top_0_0_Register_File...
Compiling module xil_defaultlib.System_Top_Top_0_0_PE_Main_150
Compiling module xil_defaultlib.System_Top_Top_0_0_ALU_bitserial...
Compiling module xil_defaultlib.System_Top_Top_0_0_Register_File...
Compiling module xil_defaultlib.System_Top_Top_0_0_PE_Main_151
Compiling module xil_defaultlib.System_Top_Top_0_0_ALU_bitserial...
Compiling module xil_defaultlib.System_Top_Top_0_0_Register_File...
Compiling module xil_defaultlib.System_Top_Top_0_0_PE_Main_152
Compiling module xil_defaultlib.System_Top_Top_0_0_ALU_bitserial...
Compiling module xil_defaultlib.System_Top_Top_0_0_Register_File...
Compiling module xil_defaultlib.System_Top_Top_0_0_PE_Main_153
Compiling module xil_defaultlib.System_Top_Top_0_0_ALU_bitserial...
Compiling module xil_defaultlib.System_Top_Top_0_0_Register_File...
Compiling module xil_defaultlib.System_Top_Top_0_0_PE_Main_154
Compiling module xil_defaultlib.System_Top_Top_0_0_ALU_bitserial...
Compiling module xil_defaultlib.System_Top_Top_0_0_Register_File...
Compiling module xil_defaultlib.System_Top_Top_0_0_PE_Main_155
Compiling module xil_defaultlib.System_Top_Top_0_0_ALU_bitserial...
Compiling module xil_defaultlib.System_Top_Top_0_0_Register_File...
Compiling module xil_defaultlib.System_Top_Top_0_0_PE_Main_156
Compiling module xil_defaultlib.System_Top_Top_0_0_ALU_bitserial...
Compiling module xil_defaultlib.System_Top_Top_0_0_Register_File...
Compiling module xil_defaultlib.System_Top_Top_0_0_PE_Main_157
Compiling module xil_defaultlib.System_Top_Top_0_0_ALU_bitserial...
Compiling module xil_defaultlib.System_Top_Top_0_0_Register_File...
Compiling module xil_defaultlib.System_Top_Top_0_0_PE_Main_158
Compiling module xil_defaultlib.System_Top_Top_0_0_ALU_bitserial...
Compiling module xil_defaultlib.System_Top_Top_0_0_Register_File...
Compiling module xil_defaultlib.System_Top_Top_0_0_PE_Main_159
Compiling module xil_defaultlib.System_Top_Top_0_0_ALU_bitserial...
Compiling module xil_defaultlib.System_Top_Top_0_0_Register_File...
Compiling module xil_defaultlib.System_Top_Top_0_0_PE_Main_160
Compiling module xil_defaultlib.System_Top_Top_0_0_ALU_bitserial...
Compiling module xil_defaultlib.System_Top_Top_0_0_Register_File...
Compiling module xil_defaultlib.System_Top_Top_0_0_PE_Main_161
Compiling module xil_defaultlib.System_Top_Top_0_0_ALU_bitserial...
Compiling module xil_defaultlib.System_Top_Top_0_0_Register_File...
Compiling module xil_defaultlib.System_Top_Top_0_0_PE_Main_162
Compiling module xil_defaultlib.System_Top_Top_0_0_ALU_bitserial...
Compiling module xil_defaultlib.System_Top_Top_0_0_Register_File...
Compiling module xil_defaultlib.System_Top_Top_0_0_PE_Main_163
Compiling module xil_defaultlib.System_Top_Top_0_0_ALU_bitserial...
Compiling module xil_defaultlib.System_Top_Top_0_0_Register_File...
Compiling module xil_defaultlib.System_Top_Top_0_0_PE_Main_164
Compiling module xil_defaultlib.System_Top_Top_0_0_ALU_bitserial...
Compiling module xil_defaultlib.System_Top_Top_0_0_Register_File...
Compiling module xil_defaultlib.System_Top_Top_0_0_PE_Main_165
Compiling module xil_defaultlib.System_Top_Top_0_0_ALU_bitserial...
Compiling module xil_defaultlib.System_Top_Top_0_0_Register_File...
Compiling module xil_defaultlib.System_Top_Top_0_0_PE_Main_166
Compiling module xil_defaultlib.System_Top_Top_0_0_ALU_bitserial...
Compiling module xil_defaultlib.System_Top_Top_0_0_Register_File...
Compiling module xil_defaultlib.System_Top_Top_0_0_PE_Main_167
Compiling module xil_defaultlib.System_Top_Top_0_0_ALU_bitserial...
Compiling module xil_defaultlib.System_Top_Top_0_0_Register_File...
Compiling module xil_defaultlib.System_Top_Top_0_0_PE_Main_168
Compiling module xil_defaultlib.System_Top_Top_0_0_ALU_bitserial...
Compiling module xil_defaultlib.System_Top_Top_0_0_Register_File...
Compiling module xil_defaultlib.System_Top_Top_0_0_PE_Main_169
Compiling module xil_defaultlib.System_Top_Top_0_0_ALU_bitserial...
Compiling module xil_defaultlib.System_Top_Top_0_0_Register_File...
Compiling module xil_defaultlib.System_Top_Top_0_0_PE_Main_170
Compiling module xil_defaultlib.System_Top_Top_0_0_ALU_bitserial...
Compiling module xil_defaultlib.System_Top_Top_0_0_Register_File...
Compiling module xil_defaultlib.System_Top_Top_0_0_PE_Main_171
Compiling module xil_defaultlib.System_Top_Top_0_0_ALU_bitserial...
Compiling module xil_defaultlib.System_Top_Top_0_0_Register_File...
Compiling module xil_defaultlib.System_Top_Top_0_0_PE_Main_172
Compiling module xil_defaultlib.System_Top_Top_0_0_ALU_bitserial...
Compiling module xil_defaultlib.System_Top_Top_0_0_Register_File...
Compiling module xil_defaultlib.System_Top_Top_0_0_PE_Main_173
Compiling module xil_defaultlib.System_Top_Top_0_0_ALU_bitserial...
Compiling module xil_defaultlib.System_Top_Top_0_0_Register_File...
Compiling module xil_defaultlib.System_Top_Top_0_0_PE_Main_174
Compiling module xil_defaultlib.System_Top_Top_0_0_ALU_bitserial...
Compiling module xil_defaultlib.System_Top_Top_0_0_Register_File...
Compiling module xil_defaultlib.System_Top_Top_0_0_PE_Main_175
Compiling module xil_defaultlib.System_Top_Top_0_0_ALU_bitserial...
Compiling module xil_defaultlib.System_Top_Top_0_0_Register_File...
Compiling module xil_defaultlib.System_Top_Top_0_0_PE_Main_176
Compiling module xil_defaultlib.System_Top_Top_0_0_ALU_bitserial...
Compiling module xil_defaultlib.System_Top_Top_0_0_Register_File...
Compiling module xil_defaultlib.System_Top_Top_0_0_PE_Main_177
Compiling module xil_defaultlib.System_Top_Top_0_0_ALU_bitserial...
Compiling module xil_defaultlib.System_Top_Top_0_0_Register_File...
Compiling module xil_defaultlib.System_Top_Top_0_0_PE_Main_178
Compiling module xil_defaultlib.System_Top_Top_0_0_ALU_bitserial...
Compiling module xil_defaultlib.System_Top_Top_0_0_Register_File...
Compiling module xil_defaultlib.System_Top_Top_0_0_PE_Main_179
Compiling module xil_defaultlib.System_Top_Top_0_0_ALU_bitserial...
Compiling module xil_defaultlib.System_Top_Top_0_0_Register_File...
Compiling module xil_defaultlib.System_Top_Top_0_0_PE_Main_180
Compiling module xil_defaultlib.System_Top_Top_0_0_ALU_bitserial...
Compiling module xil_defaultlib.System_Top_Top_0_0_Register_File...
Compiling module xil_defaultlib.System_Top_Top_0_0_PE_Main_181
Compiling module xil_defaultlib.System_Top_Top_0_0_ALU_bitserial...
Compiling module xil_defaultlib.System_Top_Top_0_0_Register_File...
Compiling module xil_defaultlib.System_Top_Top_0_0_PE_Main_182
Compiling module xil_defaultlib.System_Top_Top_0_0_ALU_bitserial...
Compiling module xil_defaultlib.System_Top_Top_0_0_Register_File...
Compiling module xil_defaultlib.System_Top_Top_0_0_PE_Main_183
Compiling module xil_defaultlib.System_Top_Top_0_0_ALU_bitserial...
Compiling module xil_defaultlib.System_Top_Top_0_0_Register_File...
Compiling module xil_defaultlib.System_Top_Top_0_0_PE_Main_184
Compiling module xil_defaultlib.System_Top_Top_0_0_ALU_bitserial...
Compiling module xil_defaultlib.System_Top_Top_0_0_Register_File...
Compiling module xil_defaultlib.System_Top_Top_0_0_PE_Main_185
Compiling module xil_defaultlib.System_Top_Top_0_0_ALU_bitserial...
Compiling module xil_defaultlib.System_Top_Top_0_0_Register_File...
Compiling module xil_defaultlib.System_Top_Top_0_0_PE_Main_186
Compiling module xil_defaultlib.System_Top_Top_0_0_ALU_bitserial...
Compiling module xil_defaultlib.System_Top_Top_0_0_Register_File...
Compiling module xil_defaultlib.System_Top_Top_0_0_PE_Main_187
Compiling module xil_defaultlib.System_Top_Top_0_0_ALU_bitserial...
Compiling module xil_defaultlib.System_Top_Top_0_0_Register_File...
Compiling module xil_defaultlib.System_Top_Top_0_0_PE_Main_188
Compiling module xil_defaultlib.System_Top_Top_0_0_ALU_bitserial...
Compiling module xil_defaultlib.System_Top_Top_0_0_Register_File...
Compiling module xil_defaultlib.System_Top_Top_0_0_PE_Main_189
Compiling module xil_defaultlib.System_Top_Top_0_0_ALU_bitserial...
Compiling module xil_defaultlib.System_Top_Top_0_0_Register_File...
Compiling module xil_defaultlib.System_Top_Top_0_0_PE_Main_190
Compiling module xil_defaultlib.System_Top_Top_0_0_ALU_bitserial...
Compiling module xil_defaultlib.System_Top_Top_0_0_Register_File...
Compiling module xil_defaultlib.System_Top_Top_0_0_PE_Main_191
Compiling module xil_defaultlib.System_Top_Top_0_0_ALU_bitserial...
Compiling module xil_defaultlib.System_Top_Top_0_0_Register_File...
Compiling module xil_defaultlib.System_Top_Top_0_0_PE_Main_192
Compiling module xil_defaultlib.System_Top_Top_0_0_ALU_bitserial...
Compiling module xil_defaultlib.System_Top_Top_0_0_Register_File...
Compiling module xil_defaultlib.System_Top_Top_0_0_PE_Main_193
Compiling module xil_defaultlib.System_Top_Top_0_0_ALU_bitserial...
Compiling module xil_defaultlib.System_Top_Top_0_0_Register_File...
Compiling module xil_defaultlib.System_Top_Top_0_0_PE_Main_194
Compiling module xil_defaultlib.System_Top_Top_0_0_ALU_bitserial...
Compiling module xil_defaultlib.System_Top_Top_0_0_Register_File...
Compiling module xil_defaultlib.System_Top_Top_0_0_PE_Main_195
Compiling module xil_defaultlib.System_Top_Top_0_0_ALU_bitserial...
Compiling module xil_defaultlib.System_Top_Top_0_0_Register_File...
Compiling module xil_defaultlib.System_Top_Top_0_0_PE_Main_196
Compiling module xil_defaultlib.System_Top_Top_0_0_ALU_bitserial...
Compiling module xil_defaultlib.System_Top_Top_0_0_Register_File...
Compiling module xil_defaultlib.System_Top_Top_0_0_PE_Main_197
Compiling module xil_defaultlib.System_Top_Top_0_0_ALU_bitserial...
Compiling module xil_defaultlib.System_Top_Top_0_0_Register_File...
Compiling module xil_defaultlib.System_Top_Top_0_0_PE_Main_198
Compiling module xil_defaultlib.System_Top_Top_0_0_ALU_bitserial...
Compiling module xil_defaultlib.System_Top_Top_0_0_Register_File...
Compiling module xil_defaultlib.System_Top_Top_0_0_PE_Main_199
Compiling module xil_defaultlib.System_Top_Top_0_0_ALU_bitserial...
Compiling module xil_defaultlib.System_Top_Top_0_0_Register_File...
Compiling module xil_defaultlib.System_Top_Top_0_0_PE_Main_200
Compiling module xil_defaultlib.System_Top_Top_0_0_ALU_bitserial...
Compiling module xil_defaultlib.System_Top_Top_0_0_Register_File...
Compiling module xil_defaultlib.System_Top_Top_0_0_PE_Main_201
Compiling module xil_defaultlib.System_Top_Top_0_0_ALU_bitserial...
Compiling module xil_defaultlib.System_Top_Top_0_0_Register_File...
Compiling module xil_defaultlib.System_Top_Top_0_0_PE_Main_202
Compiling module xil_defaultlib.System_Top_Top_0_0_ALU_bitserial...
Compiling module xil_defaultlib.System_Top_Top_0_0_Register_File...
Compiling module xil_defaultlib.System_Top_Top_0_0_PE_Main_203
Compiling module xil_defaultlib.System_Top_Top_0_0_ALU_bitserial...
Compiling module xil_defaultlib.System_Top_Top_0_0_Register_File...
Compiling module xil_defaultlib.System_Top_Top_0_0_PE_Main_204
Compiling module xil_defaultlib.System_Top_Top_0_0_ALU_bitserial...
Compiling module xil_defaultlib.System_Top_Top_0_0_Register_File...
Compiling module xil_defaultlib.System_Top_Top_0_0_PE_Main_205
Compiling module xil_defaultlib.System_Top_Top_0_0_ALU_bitserial...
Compiling module xil_defaultlib.System_Top_Top_0_0_Register_File...
Compiling module xil_defaultlib.System_Top_Top_0_0_PE_Main_206
Compiling module xil_defaultlib.System_Top_Top_0_0_ALU_bitserial...
Compiling module xil_defaultlib.System_Top_Top_0_0_Register_File...
Compiling module xil_defaultlib.System_Top_Top_0_0_PE_Main_207
Compiling module xil_defaultlib.System_Top_Top_0_0_ALU_bitserial...
Compiling module xil_defaultlib.System_Top_Top_0_0_Register_File...
Compiling module xil_defaultlib.System_Top_Top_0_0_PE_Main_208
Compiling module xil_defaultlib.System_Top_Top_0_0_ALU_bitserial...
Compiling module xil_defaultlib.System_Top_Top_0_0_Register_File...
Compiling module xil_defaultlib.System_Top_Top_0_0_PE_Main_209
Compiling module xil_defaultlib.System_Top_Top_0_0_ALU_bitserial...
Compiling module xil_defaultlib.System_Top_Top_0_0_Register_File...
Compiling module xil_defaultlib.System_Top_Top_0_0_PE_Main_210
Compiling module xil_defaultlib.System_Top_Top_0_0_ALU_bitserial...
Compiling module xil_defaultlib.System_Top_Top_0_0_Register_File...
Compiling module xil_defaultlib.System_Top_Top_0_0_PE_Main_211
Compiling module xil_defaultlib.System_Top_Top_0_0_ALU_bitserial...
Compiling module xil_defaultlib.System_Top_Top_0_0_Register_File...
Compiling module xil_defaultlib.System_Top_Top_0_0_PE_Main_212
Compiling module xil_defaultlib.System_Top_Top_0_0_ALU_bitserial...
Compiling module xil_defaultlib.System_Top_Top_0_0_Register_File...
Compiling module xil_defaultlib.System_Top_Top_0_0_PE_Main_213
Compiling module xil_defaultlib.System_Top_Top_0_0_ALU_bitserial...
Compiling module xil_defaultlib.System_Top_Top_0_0_Register_File...
Compiling module xil_defaultlib.System_Top_Top_0_0_PE_Main_214
Compiling module xil_defaultlib.System_Top_Top_0_0_ALU_bitserial...
Compiling module xil_defaultlib.System_Top_Top_0_0_Register_File...
Compiling module xil_defaultlib.System_Top_Top_0_0_PE_Main_215
Compiling module xil_defaultlib.System_Top_Top_0_0_ALU_bitserial...
Compiling module xil_defaultlib.System_Top_Top_0_0_Register_File...
Compiling module xil_defaultlib.System_Top_Top_0_0_PE_Main_216
Compiling module xil_defaultlib.System_Top_Top_0_0_ALU_bitserial...
Compiling module xil_defaultlib.System_Top_Top_0_0_Register_File...
Compiling module xil_defaultlib.System_Top_Top_0_0_PE_Main_217
Compiling module xil_defaultlib.System_Top_Top_0_0_ALU_bitserial...
Compiling module xil_defaultlib.System_Top_Top_0_0_Register_File...
Compiling module xil_defaultlib.System_Top_Top_0_0_PE_Main_218
Compiling module xil_defaultlib.System_Top_Top_0_0_ALU_bitserial...
Compiling module xil_defaultlib.System_Top_Top_0_0_Register_File...
Compiling module xil_defaultlib.System_Top_Top_0_0_PE_Main_219
Compiling module xil_defaultlib.System_Top_Top_0_0_ALU_bitserial...
Compiling module xil_defaultlib.System_Top_Top_0_0_Register_File...
Compiling module xil_defaultlib.System_Top_Top_0_0_PE_Main_220
Compiling module xil_defaultlib.System_Top_Top_0_0_ALU_bitserial...
Compiling module xil_defaultlib.System_Top_Top_0_0_Register_File...
Compiling module xil_defaultlib.System_Top_Top_0_0_PE_Main_221
Compiling module xil_defaultlib.System_Top_Top_0_0_ALU_bitserial...
Compiling module xil_defaultlib.System_Top_Top_0_0_Register_File...
Compiling module xil_defaultlib.System_Top_Top_0_0_PE_Main_222
Compiling module xil_defaultlib.System_Top_Top_0_0_ALU_bitserial...
Compiling module xil_defaultlib.System_Top_Top_0_0_Register_File...
Compiling module xil_defaultlib.System_Top_Top_0_0_PE_Main_223
Compiling module xil_defaultlib.System_Top_Top_0_0_ALU_bitserial...
Compiling module xil_defaultlib.System_Top_Top_0_0_Register_File...
Compiling module xil_defaultlib.System_Top_Top_0_0_PE_Main_224
Compiling module xil_defaultlib.System_Top_Top_0_0_ALU_bitserial...
Compiling module xil_defaultlib.System_Top_Top_0_0_Register_File...
Compiling module xil_defaultlib.System_Top_Top_0_0_PE_Main_225
Compiling module xil_defaultlib.System_Top_Top_0_0_ALU_bitserial...
Compiling module xil_defaultlib.System_Top_Top_0_0_Register_File...
Compiling module xil_defaultlib.System_Top_Top_0_0_PE_Main_226
Compiling module xil_defaultlib.System_Top_Top_0_0_ALU_bitserial...
Compiling module xil_defaultlib.System_Top_Top_0_0_Register_File...
Compiling module xil_defaultlib.System_Top_Top_0_0_PE_Main_227
Compiling module xil_defaultlib.System_Top_Top_0_0_ALU_bitserial...
Compiling module xil_defaultlib.System_Top_Top_0_0_Register_File...
Compiling module xil_defaultlib.System_Top_Top_0_0_PE_Main_228
Compiling module xil_defaultlib.System_Top_Top_0_0_ALU_bitserial...
Compiling module xil_defaultlib.System_Top_Top_0_0_Register_File...
Compiling module xil_defaultlib.System_Top_Top_0_0_PE_Main_229
Compiling module xil_defaultlib.System_Top_Top_0_0_ALU_bitserial...
Compiling module xil_defaultlib.System_Top_Top_0_0_Register_File...
Compiling module xil_defaultlib.System_Top_Top_0_0_PE_Main_230
Compiling module xil_defaultlib.System_Top_Top_0_0_ALU_bitserial...
Compiling module xil_defaultlib.System_Top_Top_0_0_Register_File...
Compiling module xil_defaultlib.System_Top_Top_0_0_PE_Main_231
Compiling module xil_defaultlib.System_Top_Top_0_0_ALU_bitserial...
Compiling module xil_defaultlib.System_Top_Top_0_0_Register_File...
Compiling module xil_defaultlib.System_Top_Top_0_0_PE_Main_232
Compiling module xil_defaultlib.System_Top_Top_0_0_ALU_bitserial...
Compiling module xil_defaultlib.System_Top_Top_0_0_Register_File...
Compiling module xil_defaultlib.System_Top_Top_0_0_PE_Main_233
Compiling module xil_defaultlib.System_Top_Top_0_0_ALU_bitserial...
Compiling module xil_defaultlib.System_Top_Top_0_0_Register_File...
Compiling module xil_defaultlib.System_Top_Top_0_0_PE_Main_234
Compiling module xil_defaultlib.System_Top_Top_0_0_ALU_bitserial...
Compiling module xil_defaultlib.System_Top_Top_0_0_Register_File...
Compiling module xil_defaultlib.System_Top_Top_0_0_PE_Main_235
Compiling module xil_defaultlib.System_Top_Top_0_0_ALU_bitserial...
Compiling module xil_defaultlib.System_Top_Top_0_0_Register_File...
Compiling module xil_defaultlib.System_Top_Top_0_0_PE_Main_236
Compiling module xil_defaultlib.System_Top_Top_0_0_ALU_bitserial...
Compiling module xil_defaultlib.System_Top_Top_0_0_Register_File...
Compiling module xil_defaultlib.System_Top_Top_0_0_PE_Main_237
Compiling module xil_defaultlib.System_Top_Top_0_0_ALU_bitserial...
Compiling module xil_defaultlib.System_Top_Top_0_0_Register_File...
Compiling module xil_defaultlib.System_Top_Top_0_0_PE_Main_238
Compiling module xil_defaultlib.System_Top_Top_0_0_ALU_bitserial...
Compiling module xil_defaultlib.System_Top_Top_0_0_Register_File...
Compiling module xil_defaultlib.System_Top_Top_0_0_PE_Main_239
Compiling module xil_defaultlib.System_Top_Top_0_0_ALU_bitserial...
Compiling module xil_defaultlib.System_Top_Top_0_0_Register_File...
Compiling module xil_defaultlib.System_Top_Top_0_0_PE_Main_240
Compiling module xil_defaultlib.System_Top_Top_0_0_ALU_bitserial...
Compiling module xil_defaultlib.System_Top_Top_0_0_Register_File...
Compiling module xil_defaultlib.System_Top_Top_0_0_PE_Main_241
Compiling module xil_defaultlib.System_Top_Top_0_0_ALU_bitserial...
Compiling module xil_defaultlib.System_Top_Top_0_0_Register_File...
Compiling module xil_defaultlib.System_Top_Top_0_0_PE_Main_242
Compiling module xil_defaultlib.System_Top_Top_0_0_ALU_bitserial...
Compiling module xil_defaultlib.System_Top_Top_0_0_Register_File...
Compiling module xil_defaultlib.System_Top_Top_0_0_PE_Main_243
Compiling module xil_defaultlib.System_Top_Top_0_0_ALU_bitserial...
Compiling module xil_defaultlib.System_Top_Top_0_0_Register_File...
Compiling module xil_defaultlib.System_Top_Top_0_0_PE_Main_244
Compiling module xil_defaultlib.System_Top_Top_0_0_ALU_bitserial...
Compiling module xil_defaultlib.System_Top_Top_0_0_Register_File...
Compiling module xil_defaultlib.System_Top_Top_0_0_PE_Main_245
Compiling module xil_defaultlib.System_Top_Top_0_0_ALU_bitserial...
Compiling module xil_defaultlib.System_Top_Top_0_0_Register_File...
Compiling module xil_defaultlib.System_Top_Top_0_0_PE_Main_246
Compiling module xil_defaultlib.System_Top_Top_0_0_ALU_bitserial...
Compiling module xil_defaultlib.System_Top_Top_0_0_Register_File...
Compiling module xil_defaultlib.System_Top_Top_0_0_PE_Main_247
Compiling module xil_defaultlib.System_Top_Top_0_0_ALU_bitserial...
Compiling module xil_defaultlib.System_Top_Top_0_0_Register_File...
Compiling module xil_defaultlib.System_Top_Top_0_0_PE_Main_248
Compiling module xil_defaultlib.System_Top_Top_0_0_ALU_bitserial...
Compiling module xil_defaultlib.System_Top_Top_0_0_Register_File...
Compiling module xil_defaultlib.System_Top_Top_0_0_PE_Main_249
Compiling module xil_defaultlib.System_Top_Top_0_0_ALU_bitserial...
Compiling module xil_defaultlib.System_Top_Top_0_0_Register_File...
Compiling module xil_defaultlib.System_Top_Top_0_0_PE_Main_250
Compiling module xil_defaultlib.System_Top_Top_0_0_ALU_bitserial...
Compiling module xil_defaultlib.System_Top_Top_0_0_Register_File...
Compiling module xil_defaultlib.System_Top_Top_0_0_PE_Main_251
Compiling module xil_defaultlib.System_Top_Top_0_0_ALU_bitserial...
Compiling module xil_defaultlib.System_Top_Top_0_0_Register_File...
Compiling module xil_defaultlib.System_Top_Top_0_0_PE_Main_252
Compiling module xil_defaultlib.System_Top_Top_0_0_ALU_bitserial...
Compiling module xil_defaultlib.System_Top_Top_0_0_Register_File...
Compiling module xil_defaultlib.System_Top_Top_0_0_PE_Main_253
Compiling module xil_defaultlib.System_Top_Top_0_0_ALU_bitserial
Compiling module xil_defaultlib.System_Top_Top_0_0_Register_File
Compiling module xil_defaultlib.System_Top_Top_0_0_PE_Main_254
Compiling module unisims_ver.LUT4
Compiling module xil_defaultlib.System_Top_Top_0_0_Array_Main
Compiling module unisims_ver.FDPE_default
Compiling module xil_defaultlib.System_Top_Top_0_0_Control_FSM
Compiling module xil_defaultlib.System_Top_Top_0_0_Control_Unit
Compiling module xil_defaultlib.System_Top_Top_0_0_Top
Compiling module xil_defaultlib.System_Top_Top_0_0
Compiling module xil_defaultlib.System_Top_axi_bram_ctrl_0_0_sng...
Compiling module xil_defaultlib.System_Top_axi_bram_ctrl_0_0_wra...
Compiling module xil_defaultlib.System_Top_axi_bram_ctrl_0_0_rd_...
Compiling module unisims_ver.FDSE_default
Compiling module xil_defaultlib.System_Top_axi_bram_ctrl_0_0_wra...
Compiling module xil_defaultlib.System_Top_axi_bram_ctrl_0_0_wr_...
Compiling module xil_defaultlib.System_Top_axi_bram_ctrl_0_0_ful...
Compiling module xil_defaultlib.System_Top_axi_bram_ctrl_0_0_axi...
Compiling module xil_defaultlib.System_Top_axi_bram_ctrl_0_0_axi...
Compiling module xil_defaultlib.System_Top_axi_bram_ctrl_0_0
Compiling module unisims_ver.RB36_INTERNAL_VLOG(READ_WIDTH_A=...
Compiling module unisims_ver.RAMB36E1(READ_WIDTH_A=9,READ_WID...
Compiling module unisims_ver.RB36_INTERNAL_VLOG(READ_WIDTH_A=...
Compiling module unisims_ver.RAMB36E1(READ_WIDTH_A=9,READ_WID...
Compiling module unisims_ver.SRL16E_default
Compiling module unisims_ver.VCC
Compiling module xil_defaultlib.System_Top_blk_mem_gen_0_0
Compiling module xil_defaultlib.System_Top_proc_sys_reset_0_0_xp...
Compiling module xil_defaultlib.System_Top_proc_sys_reset_0_0_xp...
Compiling module xil_defaultlib.System_Top_proc_sys_reset_0_0_lp...
Compiling module xil_defaultlib.System_Top_proc_sys_reset_0_0_up...
Compiling module xil_defaultlib.System_Top_proc_sys_reset_0_0_se...
Compiling module xil_defaultlib.System_Top_proc_sys_reset_0_0_pr...
Compiling module xil_defaultlib.System_Top_proc_sys_reset_0_0
Compiling module unisims_ver.BIBUF
Compiling module unisims_ver.PS7
Compiling module unisims_ver.BUFG
Compiling module xil_defaultlib.System_Top_processing_system7_0_...
Compiling module xil_defaultlib.System_Top_processing_system7_0_...
Compiling module xil_defaultlib.System_Top_smartconnect_0_0_xpm_...
Compiling module xil_defaultlib.System_Top_smartconnect_0_0_xpm_...
Compiling module xil_defaultlib.System_Top_smartconnect_0_0_lpf
Compiling module xil_defaultlib.System_Top_smartconnect_0_0_upcn...
Compiling module xil_defaultlib.System_Top_smartconnect_0_0_sequ...
Compiling module xil_defaultlib.System_Top_smartconnect_0_0_proc...
Compiling module xil_defaultlib.System_Top_smartconnect_0_0_bd_a...
Compiling module xil_defaultlib.System_Top_smartconnect_0_0_clk_...
Compiling module xil_defaultlib.System_Top_smartconnect_0_0_bd_a...
Compiling module xil_defaultlib.System_Top_smartconnect_0_0_m00_...
Compiling module unisims_ver.RAM32M
Compiling module xil_defaultlib.System_Top_smartconnect_0_0_bd_a...
Compiling module xil_defaultlib.System_Top_smartconnect_0_0_bd_a...
Compiling module xil_defaultlib.System_Top_smartconnect_0_0_bd_a...
Compiling module xil_defaultlib.System_Top_smartconnect_0_0_bd_a...
Compiling module xil_defaultlib.System_Top_smartconnect_0_0_bd_a...
Compiling module xil_defaultlib.System_Top_smartconnect_0_0_m00_...
Compiling module xil_defaultlib.System_Top_smartconnect_0_0_bd_a...
Compiling module unisims_ver.CARRY4
Compiling module xil_defaultlib.System_Top_smartconnect_0_0_bd_a...
Compiling module xil_defaultlib.System_Top_smartconnect_0_0_m01_...
Compiling module xil_defaultlib.System_Top_smartconnect_0_0_bd_a...
Compiling module xil_defaultlib.System_Top_smartconnect_0_0_bd_a...
Compiling module xil_defaultlib.System_Top_smartconnect_0_0_bd_a...
Compiling module xil_defaultlib.System_Top_smartconnect_0_0_bd_a...
Compiling module xil_defaultlib.System_Top_smartconnect_0_0_bd_a...
Compiling module xil_defaultlib.System_Top_smartconnect_0_0_m01_...
Compiling module xil_defaultlib.System_Top_smartconnect_0_0_bd_a...
Compiling module xil_defaultlib.System_Top_smartconnect_0_0_bd_a...
Compiling module xil_defaultlib.System_Top_smartconnect_0_0_bd_a...
Compiling module unisims_ver.SRLC32E_default
Compiling module xil_defaultlib.System_Top_smartconnect_0_0_bd_a...
Compiling module xil_defaultlib.System_Top_smartconnect_0_0_bd_a...
Compiling module xil_defaultlib.System_Top_smartconnect_0_0_s00_...
Compiling module xil_defaultlib.System_Top_smartconnect_0_0_bd_a...
Compiling module xil_defaultlib.System_Top_smartconnect_0_0_bd_a...
Compiling module xil_defaultlib.System_Top_smartconnect_0_0_bd_a...
Compiling module xil_defaultlib.System_Top_smartconnect_0_0_bd_a...
Compiling module xil_defaultlib.System_Top_smartconnect_0_0_bd_a...
Compiling module xil_defaultlib.System_Top_smartconnect_0_0_s00_...
Compiling module xil_defaultlib.System_Top_smartconnect_0_0_bd_a...
Compiling module xil_defaultlib.System_Top_smartconnect_0_0_bd_a...
Compiling module xil_defaultlib.System_Top_smartconnect_0_0_bd_a...
Compiling module xil_defaultlib.System_Top_smartconnect_0_0_bd_a...
Compiling module xil_defaultlib.System_Top_smartconnect_0_0_bd_a...
Compiling module xil_defaultlib.System_Top_smartconnect_0_0_swit...
Compiling module xil_defaultlib.System_Top_smartconnect_0_0_bd_a...
Compiling module xil_defaultlib.System_Top_smartconnect_0_0
Compiling module xil_defaultlib.System_Top
Compiling module xil_defaultlib.System_Top_wrapper
Compiling module xil_defaultlib.glbl
Built simulation snapshot System_Top_wrapper_func_impl
