Duplicated file found; will not be sent for synthesis: /home/gary/Individual_Project_System/Individual_Project_System.gen/sources_1/bd/System_Top/ipshared/60ff/5de9/Top.sv
Duplicated file found; will not be sent for synthesis: /home/gary/Individual_Project_System/Individual_Project_System.gen/sources_1/bd/System_Top/ipshared/60ff/5de9/Definitions.sv
Duplicated file found; will not be sent for synthesis: /home/gary/Individual_Project_System/Individual_Project_System.gen/sources_1/bd/System_Top/ipshared/60ff/5de9/ALU_bitserial.sv
Duplicated file found; will not be sent for synthesis: /home/gary/Individual_Project_System/Individual_Project_System.gen/sources_1/bd/System_Top/ipshared/60ff/5de9/Array_main.sv
Duplicated file found; will not be sent for synthesis: /home/gary/Individual_Project_System/Individual_Project_System.gen/sources_1/bd/System_Top/ipshared/60ff/5de9/Control_Decode.sv
Duplicated file found; will not be sent for synthesis: /home/gary/Individual_Project_System/Individual_Project_System.gen/sources_1/bd/System_Top/ipshared/60ff/5de9/Control_FSM.sv
Duplicated file found; will not be sent for synthesis: /home/gary/Individual_Project_System/Individual_Project_System.gen/sources_1/bd/System_Top/ipshared/60ff/5de9/Control_unit.sv
Duplicated file found; will not be sent for synthesis: /home/gary/Individual_Project_System/Individual_Project_System.gen/sources_1/bd/System_Top/ipshared/60ff/5de9/PE_main.sv
Duplicated file found; will not be sent for synthesis: /home/gary/Individual_Project_System/Individual_Project_System.gen/sources_1/bd/System_Top/ipshared/60ff/5de9/Register_File.sv
CRC performance measure: elapsed=00:00:00s;;memory_peak=2468.785MB;;memory_gain=0.000MB
