
*** Running vivado
    with args -log System_Top_AXI_ArrayProc_0_0.vds -m64 -product Vivado -mode batch -messageDb vivado.pb -notrace -source System_Top_AXI_ArrayProc_0_0.tcl


****** Vivado v2025.2 (64-bit)
  **** SW Build 6299465 on Fri Nov 14 12:34:56 MST 2025
  **** IP Build 6300035 on Fri Nov 14 10:48:45 MST 2025
  **** SharedData Build 6298862 on Thu Nov 13 04:50:51 MST 2025
  **** Start of session at: Fri Mar 27 12:41:02 2026
    ** Copyright 1986-2022 Xilinx, Inc. All Rights Reserved.
    ** Copyright 2022-2025 Advanced Micro Devices, Inc. All Rights Reserved.

source System_Top_AXI_ArrayProc_0_0.tcl -notrace
INFO: [IP_Flow 19-234] Refreshing IP repositories
INFO: [IP_Flow 19-1700] Loaded user IP repository '/home/gary/Individual_Project/ip'.
INFO: [IP_Flow 19-2313] Loaded Vivado IP repository '/opt/2025.2/data/ip'.
Command: synth_design -top System_Top_AXI_ArrayProc_0_0 -part xc7z020clg400-1 -incremental_mode off -mode out_of_context
Starting synth_design
Attempting to get a license for feature 'Synthesis' and/or device 'xc7z020'
INFO: [Common 17-349] Got license for feature 'Synthesis' and/or device 'xc7z020'
INFO: [Device 21-403] Loading part xc7z020clg400-1
INFO: [Synth 8-7079] Multithreading enabled for synth_design using a maximum of 7 processes.
INFO: [Synth 8-7078] Launching helper process for spawning children vivado processes
INFO: [Synth 8-7075] Helper process launched with PID 526221
---------------------------------------------------------------------------------
Starting RTL Elaboration : Time (s): cpu = 00:00:06 ; elapsed = 00:00:07 . Memory (MB): peak = 2243.871 ; gain = 482.875 ; free physical = 258 ; free virtual = 1556
---------------------------------------------------------------------------------
INFO: [Synth 8-6157] synthesizing module 'System_Top_AXI_ArrayProc_0_0' [/home/gary/Individual_Project_System/Individual_Project_System.gen/sources_1/bd/System_Top/ip/System_Top_AXI_ArrayProc_0_0/synth/System_Top_AXI_ArrayProc_0_0.v:53]
INFO: [Synth 8-6157] synthesizing module 'AXI_ArrayProc' [/home/gary/Individual_Project_System/Individual_Project_System.gen/sources_1/bd/System_Top/ipshared/4266/src/AXI_ArrayProc.v:3]
INFO: [Synth 8-6157] synthesizing module 'AXI_ArrayProc_slave_lite_v1_0_S00_AXI' [/home/gary/Individual_Project_System/Individual_Project_System.gen/sources_1/bd/System_Top/ipshared/4266/src/AXI_ArrayProc_slave_lite_v1_0_S00_AXI.v:3]
INFO: [Synth 8-155] case statement is not full and has no default [/home/gary/Individual_Project_System/Individual_Project_System.gen/sources_1/bd/System_Top/ipshared/4266/src/AXI_ArrayProc_slave_lite_v1_0_S00_AXI.v:142]
INFO: [Synth 8-155] case statement is not full and has no default [/home/gary/Individual_Project_System/Individual_Project_System.gen/sources_1/bd/System_Top/ipshared/4266/src/AXI_ArrayProc_slave_lite_v1_0_S00_AXI.v:270]
INFO: [Synth 8-6155] done synthesizing module 'AXI_ArrayProc_slave_lite_v1_0_S00_AXI' (0#1) [/home/gary/Individual_Project_System/Individual_Project_System.gen/sources_1/bd/System_Top/ipshared/4266/src/AXI_ArrayProc_slave_lite_v1_0_S00_AXI.v:3]
INFO: [Synth 8-6155] done synthesizing module 'AXI_ArrayProc' (0#1) [/home/gary/Individual_Project_System/Individual_Project_System.gen/sources_1/bd/System_Top/ipshared/4266/src/AXI_ArrayProc.v:3]
INFO: [Synth 8-6155] done synthesizing module 'System_Top_AXI_ArrayProc_0_0' (0#1) [/home/gary/Individual_Project_System/Individual_Project_System.gen/sources_1/bd/System_Top/ip/System_Top_AXI_ArrayProc_0_0/synth/System_Top_AXI_ArrayProc_0_0.v:53]
INFO: [Synth 8-7129] Port S_AXI_AWPROT[2] in module AXI_ArrayProc_slave_lite_v1_0_S00_AXI is either unconnected or has no load
INFO: [Synth 8-7129] Port S_AXI_AWPROT[1] in module AXI_ArrayProc_slave_lite_v1_0_S00_AXI is either unconnected or has no load
INFO: [Synth 8-7129] Port S_AXI_AWPROT[0] in module AXI_ArrayProc_slave_lite_v1_0_S00_AXI is either unconnected or has no load
INFO: [Synth 8-7129] Port S_AXI_ARPROT[2] in module AXI_ArrayProc_slave_lite_v1_0_S00_AXI is either unconnected or has no load
INFO: [Synth 8-7129] Port S_AXI_ARPROT[1] in module AXI_ArrayProc_slave_lite_v1_0_S00_AXI is either unconnected or has no load
INFO: [Synth 8-7129] Port S_AXI_ARPROT[0] in module AXI_ArrayProc_slave_lite_v1_0_S00_AXI is either unconnected or has no load
---------------------------------------------------------------------------------
Finished RTL Elaboration : Time (s): cpu = 00:00:08 ; elapsed = 00:00:09 . Memory (MB): peak = 2335.809 ; gain = 574.812 ; free physical = 167 ; free virtual = 1312
---------------------------------------------------------------------------------
---------------------------------------------------------------------------------
Start Handling Custom Attributes
---------------------------------------------------------------------------------
---------------------------------------------------------------------------------
Finished Handling Custom Attributes : Time (s): cpu = 00:00:08 ; elapsed = 00:00:09 . Memory (MB): peak = 2347.684 ; gain = 586.688 ; free physical = 154 ; free virtual = 1303
---------------------------------------------------------------------------------
---------------------------------------------------------------------------------
Finished RTL Optimization Phase 1 : Time (s): cpu = 00:00:08 ; elapsed = 00:00:09 . Memory (MB): peak = 2347.684 ; gain = 586.688 ; free physical = 154 ; free virtual = 1303
---------------------------------------------------------------------------------
Netlist sorting complete. Time (s): cpu = 00:00:00.01 ; elapsed = 00:00:00.01 . Memory (MB): peak = 2347.684 ; gain = 0.000 ; free physical = 164 ; free virtual = 1321
INFO: [Project 1-570] Preparing netlist for logic optimization

Processing XDC Constraints
Initializing timing engine
Completed Processing XDC Constraints

Netlist sorting complete. Time (s): cpu = 00:00:00 ; elapsed = 00:00:00 . Memory (MB): peak = 2445.422 ; gain = 0.000 ; free physical = 164 ; free virtual = 1175
INFO: [Project 1-111] Unisim Transformation Summary:
No Unisim elements were transformed.

Constraint Validation Runtime : Time (s): cpu = 00:00:00.02 ; elapsed = 00:00:00.03 . Memory (MB): peak = 2445.457 ; gain = 0.000 ; free physical = 139 ; free virtual = 1168
INFO: [Designutils 20-5008] Incremental synthesis strategy off
---------------------------------------------------------------------------------
Finished Constraint Validation : Time (s): cpu = 00:00:15 ; elapsed = 00:00:16 . Memory (MB): peak = 2445.457 ; gain = 684.461 ; free physical = 175 ; free virtual = 1152
---------------------------------------------------------------------------------
---------------------------------------------------------------------------------
Start Loading Part and Timing Information
---------------------------------------------------------------------------------
Loading part: xc7z020clg400-1
---------------------------------------------------------------------------------
Finished Loading Part and Timing Information : Time (s): cpu = 00:00:15 ; elapsed = 00:00:16 . Memory (MB): peak = 2453.426 ; gain = 692.430 ; free physical = 175 ; free virtual = 1153
---------------------------------------------------------------------------------
---------------------------------------------------------------------------------
Start Applying 'set_property' XDC Constraints
---------------------------------------------------------------------------------
---------------------------------------------------------------------------------
Finished applying 'set_property' XDC Constraints : Time (s): cpu = 00:00:15 ; elapsed = 00:00:16 . Memory (MB): peak = 2453.426 ; gain = 692.430 ; free physical = 175 ; free virtual = 1153
---------------------------------------------------------------------------------
INFO: [Synth 8-802] inferred FSM for state register 'state_write_reg' in module 'AXI_ArrayProc_slave_lite_v1_0_S00_AXI'
INFO: [Synth 8-802] inferred FSM for state register 'state_read_reg' in module 'AXI_ArrayProc_slave_lite_v1_0_S00_AXI'
---------------------------------------------------------------------------------------------------
                   State |                     New Encoding |                Previous Encoding 
---------------------------------------------------------------------------------------------------
                    Idle |                               00 |                               00
                   Waddr |                               01 |                               10
                   Wdata |                               10 |                               11
---------------------------------------------------------------------------------------------------
INFO: [Synth 8-3354] encoded FSM with state register 'state_write_reg' using encoding 'sequential' in module 'AXI_ArrayProc_slave_lite_v1_0_S00_AXI'
---------------------------------------------------------------------------------------------------
                   State |                     New Encoding |                Previous Encoding 
---------------------------------------------------------------------------------------------------
                    Idle |                               00 |                               00
                   Raddr |                               01 |                               10
                   Rdata |                               10 |                               11
---------------------------------------------------------------------------------------------------
INFO: [Synth 8-3354] encoded FSM with state register 'state_read_reg' using encoding 'sequential' in module 'AXI_ArrayProc_slave_lite_v1_0_S00_AXI'
---------------------------------------------------------------------------------
Finished RTL Optimization Phase 2 : Time (s): cpu = 00:00:15 ; elapsed = 00:00:16 . Memory (MB): peak = 2453.426 ; gain = 692.430 ; free physical = 166 ; free virtual = 1153
---------------------------------------------------------------------------------
No constraint files found.
---------------------------------------------------------------------------------
Start RTL Component Statistics 
---------------------------------------------------------------------------------
Detailed RTL Component Info : 
+---Registers : 
	               32 Bit    Registers := 4     
	                4 Bit    Registers := 2     
	                2 Bit    Registers := 1     
	                1 Bit    Registers := 6     
+---Muxes : 
	   2 Input   32 Bit        Muxes := 3     
	   4 Input   32 Bit        Muxes := 4     
	   3 Input   32 Bit        Muxes := 1     
	   3 Input    2 Bit        Muxes := 2     
	   2 Input    2 Bit        Muxes := 6     
	   2 Input    1 Bit        Muxes := 2     
	   3 Input    1 Bit        Muxes := 13    
	   5 Input    1 Bit        Muxes := 1     
---------------------------------------------------------------------------------
Finished RTL Component Statistics 
---------------------------------------------------------------------------------
---------------------------------------------------------------------------------
Start Part Resource Summary
---------------------------------------------------------------------------------
Part Resources:
DSPs: 220 (col length:60)
BRAMs: 280 (col length: RAMB18 60 RAMB36 30)
---------------------------------------------------------------------------------
Finished Part Resource Summary
---------------------------------------------------------------------------------
No constraint files found.
---------------------------------------------------------------------------------
Start Cross Boundary and Area Optimization
---------------------------------------------------------------------------------
INFO: [Synth 8-7129] Port s00_axi_awprot[2] in module System_Top_AXI_ArrayProc_0_0 is either unconnected or has no load
INFO: [Synth 8-7129] Port s00_axi_awprot[1] in module System_Top_AXI_ArrayProc_0_0 is either unconnected or has no load
INFO: [Synth 8-7129] Port s00_axi_awprot[0] in module System_Top_AXI_ArrayProc_0_0 is either unconnected or has no load
INFO: [Synth 8-7129] Port s00_axi_arprot[2] in module System_Top_AXI_ArrayProc_0_0 is either unconnected or has no load
INFO: [Synth 8-7129] Port s00_axi_arprot[1] in module System_Top_AXI_ArrayProc_0_0 is either unconnected or has no load
INFO: [Synth 8-7129] Port s00_axi_arprot[0] in module System_Top_AXI_ArrayProc_0_0 is either unconnected or has no load
---------------------------------------------------------------------------------
Finished Cross Boundary and Area Optimization : Time (s): cpu = 00:00:16 ; elapsed = 00:00:17 . Memory (MB): peak = 2453.426 ; gain = 692.430 ; free physical = 141 ; free virtual = 1135
---------------------------------------------------------------------------------
No constraint files found.
---------------------------------------------------------------------------------
Start Timing Optimization
---------------------------------------------------------------------------------
---------------------------------------------------------------------------------
Finished Timing Optimization : Time (s): cpu = 00:00:16 ; elapsed = 00:00:17 . Memory (MB): peak = 2453.426 ; gain = 692.430 ; free physical = 141 ; free virtual = 1135
---------------------------------------------------------------------------------
---------------------------------------------------------------------------------
Start Technology Mapping
---------------------------------------------------------------------------------
---------------------------------------------------------------------------------
Finished Technology Mapping : Time (s): cpu = 00:00:16 ; elapsed = 00:00:17 . Memory (MB): peak = 2453.426 ; gain = 692.430 ; free physical = 141 ; free virtual = 1136
---------------------------------------------------------------------------------
---------------------------------------------------------------------------------
Start IO Insertion
---------------------------------------------------------------------------------
---------------------------------------------------------------------------------
Start Flattening Before IO Insertion
---------------------------------------------------------------------------------
---------------------------------------------------------------------------------
Finished Flattening Before IO Insertion
---------------------------------------------------------------------------------
---------------------------------------------------------------------------------
Start Final Netlist Cleanup
---------------------------------------------------------------------------------
---------------------------------------------------------------------------------
Finished Final Netlist Cleanup
---------------------------------------------------------------------------------
---------------------------------------------------------------------------------
Finished IO Insertion : Time (s): cpu = 00:00:20 ; elapsed = 00:00:21 . Memory (MB): peak = 2555.238 ; gain = 794.242 ; free physical = 257 ; free virtual = 1114
---------------------------------------------------------------------------------
---------------------------------------------------------------------------------
Start Renaming Generated Instances
---------------------------------------------------------------------------------
---------------------------------------------------------------------------------
Finished Renaming Generated Instances : Time (s): cpu = 00:00:20 ; elapsed = 00:00:21 . Memory (MB): peak = 2555.238 ; gain = 794.242 ; free physical = 257 ; free virtual = 1114
---------------------------------------------------------------------------------
---------------------------------------------------------------------------------
Start Rebuilding User Hierarchy
---------------------------------------------------------------------------------
---------------------------------------------------------------------------------
Finished Rebuilding User Hierarchy : Time (s): cpu = 00:00:20 ; elapsed = 00:00:21 . Memory (MB): peak = 2555.238 ; gain = 794.242 ; free physical = 258 ; free virtual = 1115
---------------------------------------------------------------------------------
---------------------------------------------------------------------------------
Start Renaming Generated Ports
---------------------------------------------------------------------------------
---------------------------------------------------------------------------------
Finished Renaming Generated Ports : Time (s): cpu = 00:00:20 ; elapsed = 00:00:21 . Memory (MB): peak = 2555.238 ; gain = 794.242 ; free physical = 258 ; free virtual = 1115
---------------------------------------------------------------------------------
---------------------------------------------------------------------------------
Start Handling Custom Attributes
---------------------------------------------------------------------------------
---------------------------------------------------------------------------------
Finished Handling Custom Attributes : Time (s): cpu = 00:00:20 ; elapsed = 00:00:21 . Memory (MB): peak = 2555.238 ; gain = 794.242 ; free physical = 257 ; free virtual = 1114
---------------------------------------------------------------------------------
---------------------------------------------------------------------------------
Start Renaming Generated Nets
---------------------------------------------------------------------------------
---------------------------------------------------------------------------------
Finished Renaming Generated Nets : Time (s): cpu = 00:00:20 ; elapsed = 00:00:21 . Memory (MB): peak = 2555.238 ; gain = 794.242 ; free physical = 257 ; free virtual = 1114
---------------------------------------------------------------------------------
---------------------------------------------------------------------------------
Start Writing Synthesis Report
---------------------------------------------------------------------------------

Report BlackBoxes: 
+-+--------------+----------+
| |BlackBox name |Instances |
+-+--------------+----------+
+-+--------------+----------+

Report Cell Usage: 
+------+-----+------+
|      |Cell |Count |
+------+-----+------+
|1     |LUT1 |     1|
|2     |LUT2 |     3|
|3     |LUT3 |     3|
|4     |LUT5 |    35|
|5     |LUT6 |    22|
|6     |FDRE |   111|
+------+-----+------+
---------------------------------------------------------------------------------
Finished Writing Synthesis Report : Time (s): cpu = 00:00:20 ; elapsed = 00:00:21 . Memory (MB): peak = 2555.238 ; gain = 794.242 ; free physical = 257 ; free virtual = 1115
---------------------------------------------------------------------------------
Synthesis finished with 0 errors, 0 critical warnings and 0 warnings.
Synthesis Optimization Runtime : Time (s): cpu = 00:00:18 ; elapsed = 00:00:19 . Memory (MB): peak = 2555.238 ; gain = 696.469 ; free physical = 259 ; free virtual = 1115
Synthesis Optimization Complete : Time (s): cpu = 00:00:20 ; elapsed = 00:00:21 . Memory (MB): peak = 2555.246 ; gain = 794.242 ; free physical = 259 ; free virtual = 1115
INFO: [Project 1-571] Translating synthesized netlist
Netlist sorting complete. Time (s): cpu = 00:00:00 ; elapsed = 00:00:00 . Memory (MB): peak = 2571.082 ; gain = 0.000 ; free physical = 201 ; free virtual = 1082
INFO: [Project 1-570] Preparing netlist for logic optimization
INFO: [Opt 31-138] Pushed 0 inverter(s) to 0 load pin(s).
Netlist sorting complete. Time (s): cpu = 00:00:00 ; elapsed = 00:00:00 . Memory (MB): peak = 2722.703 ; gain = 0.000 ; free physical = 180 ; free virtual = 937
INFO: [Project 1-111] Unisim Transformation Summary:
No Unisim elements were transformed.

Synth Design complete | Checksum: ea3f0ad2
INFO: [Common 17-83] Releasing license: Synthesis
40 Infos, 0 Warnings, 0 Critical Warnings and 0 Errors encountered.
synth_design completed successfully
synth_design: Time (s): cpu = 00:00:27 ; elapsed = 00:00:25 . Memory (MB): peak = 2722.738 ; gain = 1148.383 ; free physical = 162 ; free virtual = 939
INFO: [Common 17-2834] synth_design peak Physical Memory [PSS] (MB): overall = 1552.876; main = 1533.295; forked = 169.098
INFO: [Common 17-2834] synth_design peak Virtual Memory [VSS] (MB): overall = 3524.027; main = 2722.707; forked = 1019.598
Write ShapeDB Complete: Time (s): cpu = 00:00:00 ; elapsed = 00:00:00 . Memory (MB): peak = 2746.715 ; gain = 0.000 ; free physical = 179 ; free virtual = 959
INFO: [Common 17-1381] The checkpoint '/home/gary/Individual_Project_System/Individual_Project_System.runs/System_Top_AXI_ArrayProc_0_0_synth_1/System_Top_AXI_ArrayProc_0_0.dcp' has been generated.
INFO: [Coretcl 2-1648] Added synthesis output to IP cache for IP System_Top_AXI_ArrayProc_0_0, cache-ID = abca547595c0afb3
INFO: [Coretcl 2-1174] Renamed 2 cell refs.
Write ShapeDB Complete: Time (s): cpu = 00:00:00 ; elapsed = 00:00:00 . Memory (MB): peak = 2746.715 ; gain = 0.000 ; free physical = 183 ; free virtual = 919
INFO: [Common 17-1381] The checkpoint '/home/gary/Individual_Project_System/Individual_Project_System.runs/System_Top_AXI_ArrayProc_0_0_synth_1/System_Top_AXI_ArrayProc_0_0.dcp' has been generated.
INFO: [Vivado 12-24828] Executing command : report_utilization -file System_Top_AXI_ArrayProc_0_0_utilization_synth.rpt -pb System_Top_AXI_ArrayProc_0_0_utilization_synth.pb
INFO: [Common 17-206] Exiting Vivado at Fri Mar 27 12:41:35 2026...
