********************************************************************************
* Unified simulation Tcl App stack trace dump
*
* File: .usf.tcl_error.log (Tue Apr  7 17:55:24 2026)
*
* This file is generated by the unified simulation automation and contains the
* tcl stack trace of error returned by the simulator App for the current run.
*
********************************************************************************

    while executing
"ipx::get_files -filter {USED_IN=~"*ipstatic*"} -of $file_group"
    ("foreach" body line 13)
    invoked from within
"foreach file_group [ipx::get_file_groups -of $ip_comp] {
    set type [get_property type $file_group]
    if { ([string last "simulation" $type] != -1..."
    (procedure "xcs_extract_sub_core_sv_pkg_libs" line 14)
    invoked from within
"xcs_extract_sub_core_sv_pkg_libs $sub_vlnv $b_int_sm_lib_ref_debug"
    ("foreach" body line 2)
    invoked from within
"foreach sub_vlnv $ordered_sub_cores {
          xcs_extract_sub_core_sv_pkg_libs $sub_vlnv $b_int_sm_lib_ref_debug
        }"
    ("foreach" body line 31)
    invoked from within
"foreach file_group [ipx::get_file_groups -of $ip_comp] {
      set type [get_property type $file_group]
      if { ([string last "simulation" $type] !..."
    ("foreach" body line 4)
    invoked from within
"foreach ip_xml $ip_comps {
    set ip_comp [ipx::open_core -set_current false $ip_xml]
    set vlnv    [get_property vlnv $ip_comp]
    foreach file_g..."
    (procedure "xcs_find_sv_pkg_libs" line 89)
    invoked from within
"xcs_find_sv_pkg_libs $a_sim_vars(s_launch_dir) $a_sim_vars(b_int_sm_lib_ref_debug)"
    (procedure "usf_xsim_setup_simulation" line 118)
    invoked from within
"usf_xsim_setup_simulation"
    (procedure "tclapp::xilinx::xsim::setup" line 29)
    invoked from within
"tclapp::xilinx::xsim::setup { -simset sim_1 -mode behavioral -run_dir /home/gary/Individual_Project_System/Individual_Project_System.sim/sim_1/behav/x..."
