
*** Running vivado
    with args -log System_Top_wrapper.vdi -applog -m64 -product Vivado -messageDb vivado.pb -mode batch -source System_Top_wrapper.tcl -notrace


****** Vivado v2025.2 (64-bit)
  **** SW Build 6299465 on Fri Nov 14 12:34:56 MST 2025
  **** IP Build 6300035 on Fri Nov 14 10:48:45 MST 2025
  **** SharedData Build 6298862 on Thu Nov 13 04:50:51 MST 2025
  **** Start of session at: Wed Apr 15 16:55:46 2026
    ** Copyright 1986-2022 Xilinx, Inc. All Rights Reserved.
    ** Copyright 2022-2025 Advanced Micro Devices, Inc. All Rights Reserved.

source System_Top_wrapper.tcl -notrace
INFO: [IP_Flow 19-234] Refreshing IP repositories
INFO: [IP_Flow 19-1700] Loaded user IP repository '/home/gary/Individual_Project/ip'.
INFO: [IP_Flow 19-2313] Loaded Vivado IP repository '/opt/2025.2/data/ip'.
Command: link_design -top System_Top_wrapper -part xc7z020clg400-1
Design is defaulting to srcset: sources_1
Design is defaulting to constrset: constrs_1
INFO: [Device 21-403] Loading part xc7z020clg400-1
INFO: [Project 1-5699] Read binary netlist with skipMacroContent - 1
INFO: [Project 1-454] Reading design checkpoint '/home/gary/Individual_Project_System/Individual_Project_System.gen/sources_1/bd/System_Top/ip/System_Top_AXI_ArrayProc_0_0/System_Top_AXI_ArrayProc_0_0.dcp' for cell 'System_Top_i/AXI_ArrayProc_0'
INFO: [Project 1-454] Reading design checkpoint '/home/gary/Individual_Project_System/Individual_Project_System.gen/sources_1/bd/System_Top/ip/System_Top_BRAM_Wrapper_0_0/System_Top_BRAM_Wrapper_0_0.dcp' for cell 'System_Top_i/BRAM_Wrapper_0'
INFO: [Project 1-454] Reading design checkpoint '/home/gary/Individual_Project_System/Individual_Project_System.gen/sources_1/bd/System_Top/ip/System_Top_Top_0_0/System_Top_Top_0_0.dcp' for cell 'System_Top_i/Top_0'
INFO: [Project 1-454] Reading design checkpoint '/home/gary/Individual_Project_System/Individual_Project_System.gen/sources_1/bd/System_Top/ip/System_Top_axi_bram_ctrl_0_0/System_Top_axi_bram_ctrl_0_0.dcp' for cell 'System_Top_i/axi_bram_ctrl_0'
INFO: [Project 1-454] Reading design checkpoint '/home/gary/Individual_Project_System/Individual_Project_System.gen/sources_1/bd/System_Top/ip/System_Top_blk_mem_gen_0_0/System_Top_blk_mem_gen_0_0.dcp' for cell 'System_Top_i/blk_mem_gen_0'
INFO: [Project 1-454] Reading design checkpoint '/home/gary/Individual_Project_System/Individual_Project_System.gen/sources_1/bd/System_Top/ip/System_Top_proc_sys_reset_0_0/System_Top_proc_sys_reset_0_0.dcp' for cell 'System_Top_i/proc_sys_reset_0'
INFO: [Project 1-454] Reading design checkpoint '/home/gary/Individual_Project_System/Individual_Project_System.gen/sources_1/bd/System_Top/ip/System_Top_processing_system7_0_0/System_Top_processing_system7_0_0.dcp' for cell 'System_Top_i/processing_system7_0'
INFO: [Project 1-454] Reading design checkpoint '/home/gary/Individual_Project_System/Individual_Project_System.gen/sources_1/bd/System_Top/ip/System_Top_smartconnect_0_0/System_Top_smartconnect_0_0.dcp' for cell 'System_Top_i/smartconnect_0'
Netlist sorting complete. Time (s): cpu = 00:00:00.14 ; elapsed = 00:00:00.14 . Memory (MB): peak = 1835.832 ; gain = 0.000 ; free physical = 1167 ; free virtual = 9365
INFO: [Netlist 29-17] Analyzing 654 Unisim elements for replacement
INFO: [Netlist 29-28] Unisim Transformation completed in 0 CPU seconds
INFO: [Project 1-479] Netlist was created with Vivado 2025.2
INFO: [Project 1-570] Preparing netlist for logic optimization
Parsing XDC File [/home/gary/Individual_Project_System/Individual_Project_System.gen/sources_1/bd/System_Top/ip/System_Top_processing_system7_0_0/System_Top_processing_system7_0_0.xdc] for cell 'System_Top_i/processing_system7_0/inst'
Finished Parsing XDC File [/home/gary/Individual_Project_System/Individual_Project_System.gen/sources_1/bd/System_Top/ip/System_Top_processing_system7_0_0/System_Top_processing_system7_0_0.xdc] for cell 'System_Top_i/processing_system7_0/inst'
Parsing XDC File [/home/gary/Individual_Project_System/Individual_Project_System.gen/sources_1/bd/System_Top/ip/System_Top_smartconnect_0_0/bd_0/ip/ip_1/bd_a752_psr_aclk_0_board.xdc] for cell 'System_Top_i/smartconnect_0/inst/clk_map/psr_aclk/U0'
Finished Parsing XDC File [/home/gary/Individual_Project_System/Individual_Project_System.gen/sources_1/bd/System_Top/ip/System_Top_smartconnect_0_0/bd_0/ip/ip_1/bd_a752_psr_aclk_0_board.xdc] for cell 'System_Top_i/smartconnect_0/inst/clk_map/psr_aclk/U0'
Parsing XDC File [/home/gary/Individual_Project_System/Individual_Project_System.gen/sources_1/bd/System_Top/ip/System_Top_smartconnect_0_0/smartconnect.xdc] for cell 'System_Top_i/smartconnect_0/inst'
Finished Parsing XDC File [/home/gary/Individual_Project_System/Individual_Project_System.gen/sources_1/bd/System_Top/ip/System_Top_smartconnect_0_0/smartconnect.xdc] for cell 'System_Top_i/smartconnect_0/inst'
Parsing XDC File [/home/gary/Individual_Project_System/Individual_Project_System.gen/sources_1/bd/System_Top/ip/System_Top_proc_sys_reset_0_0/System_Top_proc_sys_reset_0_0_board.xdc] for cell 'System_Top_i/proc_sys_reset_0/U0'
Finished Parsing XDC File [/home/gary/Individual_Project_System/Individual_Project_System.gen/sources_1/bd/System_Top/ip/System_Top_proc_sys_reset_0_0/System_Top_proc_sys_reset_0_0_board.xdc] for cell 'System_Top_i/proc_sys_reset_0/U0'
Parsing XDC File [/home/gary/Individual_Project_System/Individual_Project_System.gen/sources_1/bd/System_Top/ip/System_Top_BRAM_Wrapper_0_0/src/PYNQ-Z2 v1.0.xdc] for cell 'System_Top_i/BRAM_Wrapper_0/inst'
Finished Parsing XDC File [/home/gary/Individual_Project_System/Individual_Project_System.gen/sources_1/bd/System_Top/ip/System_Top_BRAM_Wrapper_0_0/src/PYNQ-Z2 v1.0.xdc] for cell 'System_Top_i/BRAM_Wrapper_0/inst'
INFO: [Project 1-1714] 57 XPM XDC files have been applied to the design.
INFO: [Opt 31-138] Pushed 0 inverter(s) to 0 load pin(s).
Generating merged BMM file for the design top 'System_Top_wrapper'...
Netlist sorting complete. Time (s): cpu = 00:00:00.01 ; elapsed = 00:00:00 . Memory (MB): peak = 2592.891 ; gain = 0.000 ; free physical = 640 ; free virtual = 8838
INFO: [Project 1-111] Unisim Transformation Summary:
  A total of 612 instances were transformed.
  RAM128X1D => RAM128X1D (MUXF7(x2), RAMD64E(x4)): 512 instances
  RAM32M => RAM32M (RAMD32(x6), RAMS32(x2)): 92 instances
  RAM32X1D => RAM32X1D (RAMD32(x2)): 8 instances

20 Infos, 0 Warnings, 0 Critical Warnings and 0 Errors encountered.
link_design completed successfully
link_design: Time (s): cpu = 00:00:11 ; elapsed = 00:00:10 . Memory (MB): peak = 2592.926 ; gain = 968.492 ; free physical = 648 ; free virtual = 8846
Command: opt_design
Attempting to get a license for feature 'Implementation' and/or device 'xc7z020'
INFO: [Common 17-349] Got license for feature 'Implementation' and/or device 'xc7z020'
Running DRC as a precondition to command opt_design

Starting DRC Task
INFO: [DRC 23-27] Running DRC with 8 threads
INFO: [Project 1-461] DRC finished with 0 Errors
INFO: [Project 1-462] Please refer to the DRC report (report_drc) for more information.

Time (s): cpu = 00:00:00.78 ; elapsed = 00:00:00.32 . Memory (MB): peak = 2592.926 ; gain = 0.000 ; free physical = 624 ; free virtual = 8823

Starting Cache Timing Information Task
INFO: [Timing 38-35] Done setting XDC timing constraints.
Ending Cache Timing Information Task | Checksum: 174ad6361

Time (s): cpu = 00:00:00.67 ; elapsed = 00:00:00.29 . Memory (MB): peak = 2592.926 ; gain = 0.000 ; free physical = 618 ; free virtual = 8817

Starting Logic Optimization Task

Phase 1 Initialization

Phase 1.1 Core Generation And Design Setup
Phase 1.1 Core Generation And Design Setup | Checksum: 174ad6361

Time (s): cpu = 00:00:00.02 ; elapsed = 00:00:00.01 . Memory (MB): peak = 2941.703 ; gain = 0.000 ; free physical = 270 ; free virtual = 8468

Phase 1.2 Setup Constraints And Sort Netlist
Phase 1.2 Setup Constraints And Sort Netlist | Checksum: 174ad6361

Time (s): cpu = 00:00:00.03 ; elapsed = 00:00:00.02 . Memory (MB): peak = 2941.703 ; gain = 0.000 ; free physical = 270 ; free virtual = 8468
Phase 1 Initialization | Checksum: 174ad6361

Time (s): cpu = 00:00:00.03 ; elapsed = 00:00:00.02 . Memory (MB): peak = 2941.703 ; gain = 0.000 ; free physical = 270 ; free virtual = 8468

Phase 2 Timer Update And Timing Data Collection

Phase 2.1 Detect if minReqCache needed
Phase 2.1 Detect if minReqCache needed | Checksum: 174ad6361

Time (s): cpu = 00:00:00.04 ; elapsed = 00:00:00.05 . Memory (MB): peak = 2944.672 ; gain = 2.969 ; free physical = 262 ; free virtual = 8460

Phase 2.2 Timer Update
Phase 2.2 Timer Update | Checksum: 174ad6361

Time (s): cpu = 00:00:00.63 ; elapsed = 00:00:00.2 . Memory (MB): peak = 2944.672 ; gain = 2.969 ; free physical = 262 ; free virtual = 8461

Phase 2.3 Timing Data Collection
Phase 2.3 Timing Data Collection | Checksum: 174ad6361

Time (s): cpu = 00:00:00.65 ; elapsed = 00:00:00.22 . Memory (MB): peak = 2944.672 ; gain = 2.969 ; free physical = 260 ; free virtual = 8458
Phase 2 Timer Update And Timing Data Collection | Checksum: 174ad6361

Time (s): cpu = 00:00:00.65 ; elapsed = 00:00:00.22 . Memory (MB): peak = 2944.672 ; gain = 2.969 ; free physical = 259 ; free virtual = 8458

Phase 3 Retarget
INFO: [Opt 31-1851] Number of loadless carry chains removed were: 0
INFO: [Opt 31-1834] Total Chains To Be Transformed Were: 0 AND Number of Transformed insts Created are: 0
INFO: [Opt 31-1566] Pulled 1 inverters resulting in an inversion of 7 pins
INFO: [Opt 31-138] Pushed 22 inverter(s) to 146 load pin(s).
INFO: [Opt 31-49] Retargeted 0 cell(s).
Phase 3 Retarget | Checksum: 19840fbd3

Time (s): cpu = 00:00:00.86 ; elapsed = 00:00:00.4 . Memory (MB): peak = 2944.672 ; gain = 2.969 ; free physical = 259 ; free virtual = 8458
Retarget | Checksum: 19840fbd3
INFO: [Opt 31-389] Phase Retarget created 21 cells and removed 69 cells
INFO: [Opt 31-1021] In phase Retarget, 60 netlist objects are constrained preventing optimization. Please run opt_design with -debug_log to get more detail. 

Phase 4 Constant propagation
INFO: [Opt 31-138] Pushed 0 inverter(s) to 0 load pin(s).
Phase 4 Constant propagation | Checksum: 1a7bf34f4

Time (s): cpu = 00:00:00.95 ; elapsed = 00:00:00.49 . Memory (MB): peak = 2944.672 ; gain = 2.969 ; free physical = 260 ; free virtual = 8459
Constant propagation | Checksum: 1a7bf34f4
INFO: [Opt 31-389] Phase Constant propagation created 86 cells and removed 212 cells
INFO: [Opt 31-1021] In phase Constant propagation, 60 netlist objects are constrained preventing optimization. Please run opt_design with -debug_log to get more detail. 

Phase 5 Sweep
INFO: [Constraints 18-11670] Building netlist checker database with flags, 0x8
Done building netlist checker database: Time (s): cpu = 00:00:00.01 ; elapsed = 00:00:00.01 . Memory (MB): peak = 2944.672 ; gain = 0.000 ; free physical = 261 ; free virtual = 8459
INFO: [Constraints 18-11670] Building netlist checker database with flags, 0x8
Done building netlist checker database: Time (s): cpu = 00:00:00 ; elapsed = 00:00:00 . Memory (MB): peak = 2944.672 ; gain = 0.000 ; free physical = 261 ; free virtual = 8459
Phase 5 Sweep | Checksum: 18cf8e15f

Time (s): cpu = 00:00:01 ; elapsed = 00:00:01 . Memory (MB): peak = 2944.672 ; gain = 2.969 ; free physical = 261 ; free virtual = 8459
Sweep | Checksum: 18cf8e15f
INFO: [Opt 31-389] Phase Sweep created 0 cells and removed 762 cells
INFO: [Opt 31-1021] In phase Sweep, 75 netlist objects are constrained preventing optimization. Please run opt_design with -debug_log to get more detail. 

Phase 6 BUFG optimization
Phase 6 BUFG optimization | Checksum: 18cf8e15f

Time (s): cpu = 00:00:02 ; elapsed = 00:00:01 . Memory (MB): peak = 2976.688 ; gain = 34.984 ; free physical = 261 ; free virtual = 8459
BUFG optimization | Checksum: 18cf8e15f
INFO: [Opt 31-662] Phase BUFG optimization created 0 cells of which 0 are BUFGs and removed 0 cells.

Phase 7 Shift Register Optimization
INFO: [Opt 31-1064] SRL Remap converted 0 SRLs to 0 registers and converted 0 registers of register chains to 0 SRLs
Phase 7 Shift Register Optimization | Checksum: 18cf8e15f

Time (s): cpu = 00:00:02 ; elapsed = 00:00:01 . Memory (MB): peak = 2976.688 ; gain = 34.984 ; free physical = 261 ; free virtual = 8459
Shift Register Optimization | Checksum: 18cf8e15f
INFO: [Opt 31-389] Phase Shift Register Optimization created 0 cells and removed 0 cells

Phase 8 Post Processing Netlist
Phase 8 Post Processing Netlist | Checksum: 11189cb55

Time (s): cpu = 00:00:02 ; elapsed = 00:00:01 . Memory (MB): peak = 2976.688 ; gain = 34.984 ; free physical = 261 ; free virtual = 8459
Post Processing Netlist | Checksum: 11189cb55
INFO: [Opt 31-389] Phase Post Processing Netlist created 0 cells and removed 0 cells
INFO: [Opt 31-1021] In phase Post Processing Netlist, 60 netlist objects are constrained preventing optimization. Please run opt_design with -debug_log to get more detail. 

Phase 9 Finalization

Phase 9.1 Finalizing Design Cores and Updating Shapes
Phase 9.1 Finalizing Design Cores and Updating Shapes | Checksum: 20bb53183

Time (s): cpu = 00:00:02 ; elapsed = 00:00:01 . Memory (MB): peak = 2976.688 ; gain = 34.984 ; free physical = 265 ; free virtual = 8463

Phase 9.2 Verifying Netlist Connectivity

Starting Connectivity Check Task

Time (s): cpu = 00:00:00.02 ; elapsed = 00:00:00.02 . Memory (MB): peak = 2976.688 ; gain = 0.000 ; free physical = 265 ; free virtual = 8463
Phase 9.2 Verifying Netlist Connectivity | Checksum: 20bb53183

Time (s): cpu = 00:00:02 ; elapsed = 00:00:01 . Memory (MB): peak = 2976.688 ; gain = 34.984 ; free physical = 265 ; free virtual = 8463
Phase 9 Finalization | Checksum: 20bb53183

Time (s): cpu = 00:00:02 ; elapsed = 00:00:01 . Memory (MB): peak = 2976.688 ; gain = 34.984 ; free physical = 265 ; free virtual = 8463
Opt_design Change Summary
=========================


-------------------------------------------------------------------------------------------------------------------------
|  Phase                        |  #Cells created  |  #Cells Removed  |  #Constrained objects preventing optimizations  |
-------------------------------------------------------------------------------------------------------------------------
|  Retarget                     |              21  |              69  |                                             60  |
|  Constant propagation         |              86  |             212  |                                             60  |
|  Sweep                        |               0  |             762  |                                             75  |
|  BUFG optimization            |               0  |               0  |                                              0  |
|  Shift Register Optimization  |               0  |               0  |                                              0  |
|  Post Processing Netlist      |               0  |               0  |                                             60  |
-------------------------------------------------------------------------------------------------------------------------


Ending Logic Optimization Task | Checksum: 20bb53183

Time (s): cpu = 00:00:02 ; elapsed = 00:00:01 . Memory (MB): peak = 2976.688 ; gain = 34.984 ; free physical = 265 ; free virtual = 8463

Starting Power Optimization Task
INFO: [Pwropt 34-132] Skipping clock gating for clocks with a period < 2.00 ns.
INFO: [Pwropt 34-9] Applying IDT optimizations ...
INFO: [Pwropt 34-10] Applying ODC optimizations ...
INFO: [Timing 38-35] Done setting XDC timing constraints.
Running Vector-less Activity Propagation...

Finished Running Vector-less Activity Propagation


Starting PowerOpt Patch Enables Task
INFO: [Pwropt 34-162] WRITE_MODE attribute of 2 BRAM(s) out of a total of 4 has been updated to save power. Run report_power_opt to get a complete listing of the BRAMs updated.
INFO: [Pwropt 34-201] Structural ODC has moved 2 WE to EN ports
Number of BRAM Ports augmented: 0 newly gated: 2 Total Ports: 8
Ending PowerOpt Patch Enables Task | Checksum: 212ac196b

Time (s): cpu = 00:00:00.07 ; elapsed = 00:00:00.07 . Memory (MB): peak = 3144.738 ; gain = 0.000 ; free physical = 417 ; free virtual = 8616
Ending Power Optimization Task | Checksum: 212ac196b

Time (s): cpu = 00:00:04 ; elapsed = 00:00:02 . Memory (MB): peak = 3144.738 ; gain = 168.051 ; free physical = 417 ; free virtual = 8616

Starting Final Cleanup Task
Ending Final Cleanup Task | Checksum: 212ac196b

Time (s): cpu = 00:00:00 ; elapsed = 00:00:00 . Memory (MB): peak = 3144.738 ; gain = 0.000 ; free physical = 417 ; free virtual = 8616
Netlist sorting complete. Time (s): cpu = 00:00:00 ; elapsed = 00:00:00.01 . Memory (MB): peak = 3144.738 ; gain = 0.000 ; free physical = 417 ; free virtual = 8616
INFO: [Common 17-83] Releasing license: Implementation
51 Infos, 0 Warnings, 0 Critical Warnings and 0 Errors encountered.
opt_design completed successfully
opt_design: Time (s): cpu = 00:00:09 ; elapsed = 00:00:06 . Memory (MB): peak = 3144.738 ; gain = 551.812 ; free physical = 417 ; free virtual = 8616
INFO: [Vivado 12-24828] Executing command : report_drc -file System_Top_wrapper_drc_opted.rpt -pb System_Top_wrapper_drc_opted.pb -rpx System_Top_wrapper_drc_opted.rpx
Command: report_drc -file System_Top_wrapper_drc_opted.rpt -pb System_Top_wrapper_drc_opted.pb -rpx System_Top_wrapper_drc_opted.rpx
INFO: [IP_Flow 19-1839] IP Catalog is up to date.
INFO: [DRC 23-27] Running DRC with 8 threads
INFO: [Vivado_Tcl 2-168] The results of DRC are in file /home/gary/Individual_Project_System/Individual_Project_System.runs/impl_1/System_Top_wrapper_drc_opted.rpt.
report_drc completed successfully
INFO: [Timing 38-480] Writing timing data to binary archive.
Wrote PlaceDB: Time (s): cpu = 00:00:00 ; elapsed = 00:00:00 . Memory (MB): peak = 3144.738 ; gain = 0.000 ; free physical = 403 ; free virtual = 8603
Wrote PulsedLatchDB: Time (s): cpu = 00:00:00 ; elapsed = 00:00:00 . Memory (MB): peak = 3144.738 ; gain = 0.000 ; free physical = 403 ; free virtual = 8603
Writing XDEF routing.
Writing XDEF routing logical nets.
Write ShapeDB Complete: Time (s): cpu = 00:00:00.09 ; elapsed = 00:00:00.03 . Memory (MB): peak = 3144.738 ; gain = 0.000 ; free physical = 403 ; free virtual = 8604
Writing XDEF routing special nets.
Wrote RouteStorage: Time (s): cpu = 00:00:00.14 ; elapsed = 00:00:00.03 . Memory (MB): peak = 3144.738 ; gain = 0.000 ; free physical = 402 ; free virtual = 8604
Wrote PlaceStorage: Time (s): cpu = 00:00:00.02 ; elapsed = 00:00:00.01 . Memory (MB): peak = 3144.738 ; gain = 0.000 ; free physical = 402 ; free virtual = 8604
Wrote Netlist Cache: Time (s): cpu = 00:00:00 ; elapsed = 00:00:00 . Memory (MB): peak = 3144.738 ; gain = 0.000 ; free physical = 402 ; free virtual = 8604
Wrote Device Cache: Time (s): cpu = 00:00:00.02 ; elapsed = 00:00:00 . Memory (MB): peak = 3144.738 ; gain = 0.000 ; free physical = 401 ; free virtual = 8604
Write Physdb Complete: Time (s): cpu = 00:00:00.2 ; elapsed = 00:00:00.06 . Memory (MB): peak = 3144.738 ; gain = 0.000 ; free physical = 401 ; free virtual = 8604
INFO: [Common 17-1381] The checkpoint '/home/gary/Individual_Project_System/Individual_Project_System.runs/impl_1/System_Top_wrapper_opt.dcp' has been generated.
Command: power_opt_design
Attempting to get a license for feature 'Implementation' and/or device 'xc7z020'
INFO: [Common 17-349] Got license for feature 'Implementation' and/or device 'xc7z020'
INFO: [Timing 38-35] Done setting XDC timing constraints.
Begin power optimizations | Checksum: 212ac196b
INFO: [Pwropt 34-50] Optimizing power for module System_Top_wrapper ...
INFO: [Pwropt 34-207] Design is in partially-placed state. Running in partially-placed mode.
PSMgr Creation: Time (s): cpu = 00:00:00.25 ; elapsed = 00:00:00.13 . Memory (MB): peak = 3144.738 ; gain = 0.000 ; free physical = 314 ; free virtual = 8531
Running Vector-less Activity Propagation...
Found 384 new always-off flops by back propagation
Pre-processing: Time (s): cpu = 00:00:02 ; elapsed = 00:00:00.4 . Memory (MB): peak = 3159.797 ; gain = 15.059 ; free physical = 281 ; free virtual = 8498
INFO: [Pwropt 34-9] Applying IDT optimizations ...
IDT: Time (s): cpu = 00:00:02 ; elapsed = 00:00:00.64 . Memory (MB): peak = 3159.797 ; gain = 0.000 ; free physical = 207 ; free virtual = 8424
INFO: [Pwropt 34-10] Applying ODC optimizations ...

Finished Running Vector-less Activity Propagation
INFO: [Pwropt 34-215] Skipped ODC enables for 0 nets in BRAM flops in bus-based analysis.
INFO: [Pwropt 34-214] Skipped ODC enables for 0 nets in BRAM address flops in bus-based analysis.
ODC: Time (s): cpu = 00:00:06 ; elapsed = 00:00:02 . Memory (MB): peak = 3159.797 ; gain = 0.000 ; free physical = 152 ; free virtual = 8369
Power optimization passes: Time (s): cpu = 00:00:10 ; elapsed = 00:00:04 . Memory (MB): peak = 3159.797 ; gain = 15.059 ; free physical = 152 ; free virtual = 8369

INFO: [Pwropt 34-77] Creating clock enable groups ...
INFO: [Pwropt 34-96] Including small groups for filtering based on enable probabilities.
 Done
Grouping enables: Time (s): cpu = 00:00:00.42 ; elapsed = 00:00:00.58 . Memory (MB): peak = 3159.797 ; gain = 0.000 ; free physical = 153 ; free virtual = 8370


Starting PowerOpt Patch Enables Task
INFO: [Pwropt 34-26] Patching clock gating enable signals for design System_Top_wrapper ...
INFO: [Pwropt 34-162] WRITE_MODE attribute of 0 BRAM(s) out of a total of 4 has been updated to save power. Run report_power_opt to get a complete listing of the BRAMs updated.
INFO: [Pwropt 34-201] Structural ODC has moved 0 WE to EN ports
INFO: [Pwropt 34-100] Patcher adaptive clustering : original ram clusters 6 accepted clusters 6
INFO: [Pwropt 34-100] Patcher adaptive clustering : original flop clusters 480 accepted clusters 480

Number of Slice Registers augmented: 505 newly gated: 218 Total: 4283
Number of SRLs augmented: 0  newly gated: 0 Total: 41
Number of BRAM Ports augmented: 4 newly gated: 2 Total Ports: 8
Number of Flops added for Enable Generation: 0

Flops dropped: 221/1260 RAMS dropped: 0/6 Clusters dropped: 64/486 Enables dropped: 64
Patching clock gating enables finished successfully.
Ending PowerOpt Patch Enables Task | Checksum: 112e644ce

Time (s): cpu = 00:00:21 ; elapsed = 00:00:08 . Memory (MB): peak = 3159.797 ; gain = 0.000 ; free physical = 175 ; free virtual = 8392
INFO: [Pwropt 34-30] Power optimization finished successfully.
End power optimizations | Checksum: 112e644ce
Power optimization: Time (s): cpu = 00:00:32 ; elapsed = 00:00:13 . Memory (MB): peak = 3159.797 ; gain = 15.059 ; free physical = 175 ; free virtual = 8392
INFO: [Pwropt 34-198] Malloced memory gain at end of power optimization: 66835952 bytes

Starting Logic Optimization Task

Phase 1 Initialization

Phase 1.1 Core Generation And Design Setup
Phase 1.1 Core Generation And Design Setup | Checksum: 112e644ce

Time (s): cpu = 00:00:00.01 ; elapsed = 00:00:00.01 . Memory (MB): peak = 3159.797 ; gain = 0.000 ; free physical = 176 ; free virtual = 8393

Phase 1.2 Setup Constraints And Sort Netlist
Phase 1.2 Setup Constraints And Sort Netlist | Checksum: 17368e948

Time (s): cpu = 00:00:00.11 ; elapsed = 00:00:00.11 . Memory (MB): peak = 3159.797 ; gain = 0.000 ; free physical = 177 ; free virtual = 8394
Phase 1 Initialization | Checksum: 17368e948

Time (s): cpu = 00:00:00.11 ; elapsed = 00:00:00.11 . Memory (MB): peak = 3159.797 ; gain = 0.000 ; free physical = 177 ; free virtual = 8394

Phase 2 Timer Update And Timing Data Collection

Phase 2.1 Detect if minReqCache needed
Phase 2.1 Detect if minReqCache needed | Checksum: 17368e948

Time (s): cpu = 00:00:00.13 ; elapsed = 00:00:00.13 . Memory (MB): peak = 3159.797 ; gain = 0.000 ; free physical = 178 ; free virtual = 8395

Phase 2.2 Timer Update
Phase 2.2 Timer Update | Checksum: 17368e948

Time (s): cpu = 00:00:00.78 ; elapsed = 00:00:00.34 . Memory (MB): peak = 3159.797 ; gain = 0.000 ; free physical = 180 ; free virtual = 8397

Phase 2.3 Timing Data Collection
Phase 2.3 Timing Data Collection | Checksum: 17368e948

Time (s): cpu = 00:00:00.8 ; elapsed = 00:00:00.36 . Memory (MB): peak = 3159.797 ; gain = 0.000 ; free physical = 180 ; free virtual = 8397
Phase 2 Timer Update And Timing Data Collection | Checksum: 17368e948

Time (s): cpu = 00:00:00.8 ; elapsed = 00:00:00.36 . Memory (MB): peak = 3159.797 ; gain = 0.000 ; free physical = 180 ; free virtual = 8397

Phase 3 Retarget
INFO: [Opt 31-1851] Number of loadless carry chains removed were: 0
INFO: [Opt 31-1834] Total Chains To Be Transformed Were: 0 AND Number of Transformed insts Created are: 0
INFO: [Opt 31-1566] Pulled 3 inverters resulting in an inversion of 3 pins
INFO: [Opt 31-138] Pushed 10 inverter(s) to 65 load pin(s).
INFO: [Opt 31-49] Retargeted 0 cell(s).
Phase 3 Retarget | Checksum: 164f274dd

Time (s): cpu = 00:00:01 ; elapsed = 00:00:00.53 . Memory (MB): peak = 3159.797 ; gain = 0.000 ; free physical = 180 ; free virtual = 8397
Retarget | Checksum: 164f274dd
INFO: [Opt 31-389] Phase Retarget created 16 cells and removed 23 cells
INFO: [Opt 31-1021] In phase Retarget, 60 netlist objects are constrained preventing optimization. Please run opt_design with -debug_log to get more detail. 

Phase 4 BUFG optimization
Phase 4 BUFG optimization | Checksum: 164f274dd

Time (s): cpu = 00:00:01 ; elapsed = 00:00:00.64 . Memory (MB): peak = 3159.797 ; gain = 0.000 ; free physical = 180 ; free virtual = 8397
BUFG optimization | Checksum: 164f274dd
INFO: [Opt 31-662] Phase BUFG optimization created 0 cells of which 0 are BUFGs and removed 0 cells.

Phase 5 Remap
Phase 5 Remap | Checksum: 1a78a3fef

Time (s): cpu = 00:00:02 ; elapsed = 00:00:00.99 . Memory (MB): peak = 3159.797 ; gain = 0.000 ; free physical = 180 ; free virtual = 8397
Remap | Checksum: 1a78a3fef
INFO: [Opt 31-389] Phase Remap created 68 cells and removed 162 cells
INFO: [Opt 31-1021] In phase Remap, 16 netlist objects are constrained preventing optimization. Please run opt_design with -debug_log to get more detail. 

Phase 6 Post Processing Netlist
Phase 6 Post Processing Netlist | Checksum: 2360c59af

Time (s): cpu = 00:00:02 ; elapsed = 00:00:01 . Memory (MB): peak = 3159.797 ; gain = 0.000 ; free physical = 181 ; free virtual = 8398
Post Processing Netlist | Checksum: 2360c59af
INFO: [Opt 31-389] Phase Post Processing Netlist created 0 cells and removed 0 cells
INFO: [Opt 31-1021] In phase Post Processing Netlist, 60 netlist objects are constrained preventing optimization. Please run opt_design with -debug_log to get more detail. 

Phase 7 Finalization

Phase 7.1 Finalizing Design Cores and Updating Shapes
Phase 7.1 Finalizing Design Cores and Updating Shapes | Checksum: 177622156

Time (s): cpu = 00:00:02 ; elapsed = 00:00:01 . Memory (MB): peak = 3159.797 ; gain = 0.000 ; free physical = 184 ; free virtual = 8401

Phase 7.2 Verifying Netlist Connectivity
Phase 7.2 Verifying Netlist Connectivity | Checksum: 177622156

Time (s): cpu = 00:00:02 ; elapsed = 00:00:01 . Memory (MB): peak = 3159.797 ; gain = 0.000 ; free physical = 184 ; free virtual = 8401
Phase 7 Finalization | Checksum: 177622156

Time (s): cpu = 00:00:02 ; elapsed = 00:00:01 . Memory (MB): peak = 3159.797 ; gain = 0.000 ; free physical = 184 ; free virtual = 8401
Opt_design Change Summary
=========================


---------------------------------------------------------------------------------------------------------------------
|  Phase                    |  #Cells created  |  #Cells Removed  |  #Constrained objects preventing optimizations  |
---------------------------------------------------------------------------------------------------------------------
|  Retarget                 |              16  |              23  |                                             60  |
|  BUFG optimization        |               0  |               0  |                                              0  |
|  Remap                    |              68  |             162  |                                             16  |
|  Post Processing Netlist  |               0  |               0  |                                             60  |
---------------------------------------------------------------------------------------------------------------------


Ending Logic Optimization Task | Checksum: 177622156

Time (s): cpu = 00:00:02 ; elapsed = 00:00:01 . Memory (MB): peak = 3159.797 ; gain = 0.000 ; free physical = 184 ; free virtual = 8401

Starting Netlist Obfuscation Task
Netlist sorting complete. Time (s): cpu = 00:00:00 ; elapsed = 00:00:00.01 . Memory (MB): peak = 3159.797 ; gain = 0.000 ; free physical = 184 ; free virtual = 8401
Ending Netlist Obfuscation Task | Checksum: 177622156

Time (s): cpu = 00:00:00.01 ; elapsed = 00:00:00.01 . Memory (MB): peak = 3159.797 ; gain = 0.000 ; free physical = 184 ; free virtual = 8401
INFO: [Common 17-83] Releasing license: Implementation
87 Infos, 0 Warnings, 0 Critical Warnings and 0 Errors encountered.
power_opt_design completed successfully
power_opt_design: Time (s): cpu = 00:00:34 ; elapsed = 00:00:14 . Memory (MB): peak = 3159.797 ; gain = 15.059 ; free physical = 184 ; free virtual = 8401
INFO: [Timing 38-480] Writing timing data to binary archive.
Wrote PlaceDB: Time (s): cpu = 00:00:00 ; elapsed = 00:00:00 . Memory (MB): peak = 3159.797 ; gain = 0.000 ; free physical = 184 ; free virtual = 8401
Wrote PulsedLatchDB: Time (s): cpu = 00:00:00 ; elapsed = 00:00:00 . Memory (MB): peak = 3159.797 ; gain = 0.000 ; free physical = 184 ; free virtual = 8401
Writing XDEF routing.
Writing XDEF routing logical nets.
Write ShapeDB Complete: Time (s): cpu = 00:00:00.1 ; elapsed = 00:00:00.02 . Memory (MB): peak = 3159.797 ; gain = 0.000 ; free physical = 182 ; free virtual = 8401
Writing XDEF routing special nets.
Wrote RouteStorage: Time (s): cpu = 00:00:00.15 ; elapsed = 00:00:00.03 . Memory (MB): peak = 3159.797 ; gain = 0.000 ; free physical = 182 ; free virtual = 8401
Wrote PlaceStorage: Time (s): cpu = 00:00:00.01 ; elapsed = 00:00:00.01 . Memory (MB): peak = 3159.797 ; gain = 0.000 ; free physical = 182 ; free virtual = 8401
Wrote Netlist Cache: Time (s): cpu = 00:00:00 ; elapsed = 00:00:00 . Memory (MB): peak = 3159.797 ; gain = 0.000 ; free physical = 182 ; free virtual = 8401
Wrote Device Cache: Time (s): cpu = 00:00:00.02 ; elapsed = 00:00:00.01 . Memory (MB): peak = 3159.797 ; gain = 0.000 ; free physical = 182 ; free virtual = 8402
Write Physdb Complete: Time (s): cpu = 00:00:00.22 ; elapsed = 00:00:00.05 . Memory (MB): peak = 3159.797 ; gain = 0.000 ; free physical = 182 ; free virtual = 8402
INFO: [Common 17-1381] The checkpoint '/home/gary/Individual_Project_System/Individual_Project_System.runs/impl_1/System_Top_wrapper_pwropt.dcp' has been generated.
Command: place_design
Attempting to get a license for feature 'Implementation' and/or device 'xc7z020'
INFO: [Common 17-349] Got license for feature 'Implementation' and/or device 'xc7z020'
INFO: [Common 17-83] Releasing license: Implementation
INFO: [DRC 23-27] Running DRC with 8 threads
INFO: [Vivado_Tcl 4-198] DRC finished with 0 Errors
INFO: [Vivado_Tcl 4-199] Please refer to the DRC report (report_drc) for more information.
INFO: [Timing 38-35] Done setting XDC timing constraints.
Running DRC as a precondition to command place_design
INFO: [DRC 23-27] Running DRC with 8 threads
INFO: [Vivado_Tcl 4-198] DRC finished with 0 Errors, 21 Warnings
INFO: [Vivado_Tcl 4-199] Please refer to the DRC report (report_drc) for more information.
INFO: [Place 30-611] Multithreading enabled for place_design using a maximum of 8 CPUs

Starting Placer Task

Phase 1 Placer Initialization

Phase 1.1 Placer Initialization Netlist Sorting
Netlist sorting complete. Time (s): cpu = 00:00:00.01 ; elapsed = 00:00:00 . Memory (MB): peak = 3207.816 ; gain = 0.000 ; free physical = 185 ; free virtual = 8406
Phase 1.1 Placer Initialization Netlist Sorting | Checksum: f9c52ba3

Time (s): cpu = 00:00:00.01 ; elapsed = 00:00:00.01 . Memory (MB): peak = 3207.816 ; gain = 0.000 ; free physical = 185 ; free virtual = 8406
INFO: [Opt 31-138] Pushed 0 inverter(s) to 0 load pin(s).
Netlist sorting complete. Time (s): cpu = 00:00:00.01 ; elapsed = 00:00:00 . Memory (MB): peak = 3207.816 ; gain = 0.000 ; free physical = 185 ; free virtual = 8406

Phase 1.2 IO Placement/ Clock Placement/ Build Placer Device
INFO: [Timing 38-35] Done setting XDC timing constraints.
Phase 1.2 IO Placement/ Clock Placement/ Build Placer Device | Checksum: 113d41440

Time (s): cpu = 00:00:02 ; elapsed = 00:00:01 . Memory (MB): peak = 3207.816 ; gain = 0.000 ; free physical = 188 ; free virtual = 8408

Phase 1.3 Build Placer Netlist Model
Phase 1.3 Build Placer Netlist Model | Checksum: 11bcf1af5

Time (s): cpu = 00:00:06 ; elapsed = 00:00:03 . Memory (MB): peak = 3207.816 ; gain = 0.000 ; free physical = 203 ; free virtual = 8424

Phase 1.4 Constrain Clocks/Macros
Phase 1.4 Constrain Clocks/Macros | Checksum: 11bcf1af5

Time (s): cpu = 00:00:06 ; elapsed = 00:00:03 . Memory (MB): peak = 3207.816 ; gain = 0.000 ; free physical = 204 ; free virtual = 8424
Phase 1 Placer Initialization | Checksum: 11bcf1af5

Time (s): cpu = 00:00:07 ; elapsed = 00:00:03 . Memory (MB): peak = 3207.816 ; gain = 0.000 ; free physical = 204 ; free virtual = 8424

Phase 2 Global Placement

Phase 2.1 Floorplanning
Phase 2.1 Floorplanning | Checksum: f8e39c0b

Time (s): cpu = 00:00:09 ; elapsed = 00:00:04 . Memory (MB): peak = 3207.816 ; gain = 0.000 ; free physical = 178 ; free virtual = 8398

Phase 2.2 Update Timing before SLR Path Opt
Phase 2.2 Update Timing before SLR Path Opt | Checksum: cedc2a23

Time (s): cpu = 00:00:11 ; elapsed = 00:00:04 . Memory (MB): peak = 3207.816 ; gain = 0.000 ; free physical = 202 ; free virtual = 8422

Phase 2.3 Post-Processing in Floorplanning
Phase 2.3 Post-Processing in Floorplanning | Checksum: cedc2a23

Time (s): cpu = 00:00:11 ; elapsed = 00:00:04 . Memory (MB): peak = 3207.816 ; gain = 0.000 ; free physical = 202 ; free virtual = 8422

Phase 2.4 Global Place Phase1
Phase 2.4 Global Place Phase1 | Checksum: 164c13476

Time (s): cpu = 00:00:23 ; elapsed = 00:00:08 . Memory (MB): peak = 3207.816 ; gain = 0.000 ; free physical = 191 ; free virtual = 8411

Phase 2.5 Global Place Phase2

Phase 2.5.1 UpdateTiming Before Physical Synthesis
Phase 2.5.1 UpdateTiming Before Physical Synthesis | Checksum: 164c13476

Time (s): cpu = 00:00:25 ; elapsed = 00:00:09 . Memory (MB): peak = 3207.816 ; gain = 0.000 ; free physical = 187 ; free virtual = 8408

Phase 2.5.2 Physical Synthesis In Placer
INFO: [Physopt 32-1035] Found 0 LUTNM shape to break, 571 LUT instances to create LUTNM shape
INFO: [Physopt 32-1044] Break lutnm for timing: one critical 0, two critical 0, total 0, new lutff created 0
INFO: [Physopt 32-1138] End 1 Pass. Optimized 239 nets or LUTs. Breaked 0 LUT, combined 239 existing LUTs and moved 0 existing LUT
INFO: [Physopt 32-1132] Very high fanout net 'System_Top_i/AXI_ArrayProc_0/inst/AXI_ArrayProc_slave_lite_v1_0_S00_AXI_inst/o_instruction[2]' is not considered as a candidate in VHFN optimization. The fanout considered for this optimization is changed from 3081 to 522 due to a timing constraint or macro primitives that prevent optimization on all of the loads. To force replication, set the FORCE_MAX_FANOUT property on the net to a number less than 522.
INFO: [Physopt 32-1132] Very high fanout net 'System_Top_i/AXI_ArrayProc_0/inst/AXI_ArrayProc_slave_lite_v1_0_S00_AXI_inst/o_instruction[3]' is not considered as a candidate in VHFN optimization. The fanout considered for this optimization is changed from 3081 to 522 due to a timing constraint or macro primitives that prevent optimization on all of the loads. To force replication, set the FORCE_MAX_FANOUT property on the net to a number less than 522.
INFO: [Physopt 32-1132] Very high fanout net 'System_Top_i/AXI_ArrayProc_0/inst/AXI_ArrayProc_slave_lite_v1_0_S00_AXI_inst/o_instruction[4]' is not considered as a candidate in VHFN optimization. The fanout considered for this optimization is changed from 2569 to 522 due to a timing constraint or macro primitives that prevent optimization on all of the loads. To force replication, set the FORCE_MAX_FANOUT property on the net to a number less than 522.
INFO: [Physopt 32-1132] Very high fanout net 'System_Top_i/Top_0/inst/gen_row[13].gen_col[13].pe_i/register_file_inst/p_0_in' is not considered as a candidate in VHFN optimization. The fanout considered for this optimization is changed from 2048 to 513 due to a timing constraint or macro primitives that prevent optimization on all of the loads. To force replication, set the FORCE_MAX_FANOUT property on the net to a number less than 513.
INFO: [Physopt 32-65] No nets found for high-fanout optimization.
INFO: [Physopt 32-232] Optimized 0 net. Created 0 new instance.
INFO: [Physopt 32-775] End 1 Pass. Optimized 0 net or cell. Created 0 new cell, deleted 0 existing cell and moved 0 existing cell
INFO: [Physopt 32-670] No setup violation found.  DSP Register Optimization was not performed.
INFO: [Physopt 32-670] No setup violation found.  Shift Register to Pipeline Optimization was not performed.
INFO: [Physopt 32-670] No setup violation found.  Shift Register Optimization was not performed.
INFO: [Physopt 32-670] No setup violation found.  BRAM Register Optimization was not performed.
INFO: [Physopt 32-670] No setup violation found.  URAM Register Optimization was not performed.
INFO: [Physopt 32-949] No candidate nets found for dynamic/static region interface net replication
INFO: [Physopt 32-775] End 1 Pass. Optimized 0 net or cell. Created 0 new cell, deleted 0 existing cell and moved 0 existing cell
Netlist sorting complete. Time (s): cpu = 00:00:00 ; elapsed = 00:00:00 . Memory (MB): peak = 3207.816 ; gain = 0.000 ; free physical = 184 ; free virtual = 8406

Summary of Physical Synthesis Optimizations
============================================


-----------------------------------------------------------------------------------------------------------------------------------------------------------
|  Optimization                                     |  Added Cells  |  Removed Cells  |  Optimized Cells/Nets  |  Dont Touch  |  Iterations  |  Elapsed   |
-----------------------------------------------------------------------------------------------------------------------------------------------------------
|  LUT Combining                                    |            0  |            239  |                   239  |           0  |           1  |  00:00:00  |
|  Retime                                           |            0  |              0  |                     0  |           0  |           1  |  00:00:00  |
|  Very High Fanout                                 |            0  |              0  |                     0  |           0  |           1  |  00:00:00  |
|  DSP Register                                     |            0  |              0  |                     0  |           0  |           0  |  00:00:00  |
|  Shift Register to Pipeline                       |            0  |              0  |                     0  |           0  |           0  |  00:00:00  |
|  Shift Register                                   |            0  |              0  |                     0  |           0  |           0  |  00:00:00  |
|  BRAM Register                                    |            0  |              0  |                     0  |           0  |           0  |  00:00:00  |
|  URAM Register                                    |            0  |              0  |                     0  |           0  |           0  |  00:00:00  |
|  Dynamic/Static Region Interface Net Replication  |            0  |              0  |                     0  |           0  |           1  |  00:00:00  |
|  Total                                            |            0  |            239  |                   239  |           0  |           4  |  00:00:00  |
-----------------------------------------------------------------------------------------------------------------------------------------------------------


Phase 2.5.2 Physical Synthesis In Placer | Checksum: 1b4b24d1d

Time (s): cpu = 00:00:28 ; elapsed = 00:00:10 . Memory (MB): peak = 3207.816 ; gain = 0.000 ; free physical = 184 ; free virtual = 8406
Phase 2.5 Global Place Phase2 | Checksum: 185d19351

Time (s): cpu = 00:00:29 ; elapsed = 00:00:10 . Memory (MB): peak = 3207.816 ; gain = 0.000 ; free physical = 184 ; free virtual = 8405
Phase 2 Global Placement | Checksum: 185d19351

Time (s): cpu = 00:00:29 ; elapsed = 00:00:10 . Memory (MB): peak = 3207.816 ; gain = 0.000 ; free physical = 184 ; free virtual = 8405

Phase 3 Detail Placement

Phase 3.1 Commit Multi Column Macros
Phase 3.1 Commit Multi Column Macros | Checksum: 1a028254a

Time (s): cpu = 00:00:30 ; elapsed = 00:00:11 . Memory (MB): peak = 3207.816 ; gain = 0.000 ; free physical = 184 ; free virtual = 8405

Phase 3.2 Commit Most Macros & LUTRAMs
Phase 3.2 Commit Most Macros & LUTRAMs | Checksum: 1976d900c

Time (s): cpu = 00:00:35 ; elapsed = 00:00:12 . Memory (MB): peak = 3207.816 ; gain = 0.000 ; free physical = 184 ; free virtual = 8406

Phase 3.3 Area Swap Optimization
Phase 3.3 Area Swap Optimization | Checksum: 14c68fe93

Time (s): cpu = 00:00:35 ; elapsed = 00:00:12 . Memory (MB): peak = 3207.816 ; gain = 0.000 ; free physical = 163 ; free virtual = 8384

Phase 3.4 Pipeline Register Optimization
Phase 3.4 Pipeline Register Optimization | Checksum: 11a5c0b83

Time (s): cpu = 00:00:35 ; elapsed = 00:00:12 . Memory (MB): peak = 3207.816 ; gain = 0.000 ; free physical = 163 ; free virtual = 8384

Phase 3.5 Small Shape Detail Placement
Phase 3.5 Small Shape Detail Placement | Checksum: 1f47376f0

Time (s): cpu = 00:00:37 ; elapsed = 00:00:15 . Memory (MB): peak = 3207.816 ; gain = 0.000 ; free physical = 152 ; free virtual = 8374

Phase 3.6 Re-assign LUT pins
Phase 3.6 Re-assign LUT pins | Checksum: 234cb7b6f

Time (s): cpu = 00:00:38 ; elapsed = 00:00:15 . Memory (MB): peak = 3207.816 ; gain = 0.000 ; free physical = 154 ; free virtual = 8376

Phase 3.7 Pipeline Register Optimization
Phase 3.7 Pipeline Register Optimization | Checksum: 1eab8809f

Time (s): cpu = 00:00:38 ; elapsed = 00:00:15 . Memory (MB): peak = 3207.816 ; gain = 0.000 ; free physical = 154 ; free virtual = 8376
Phase 3 Detail Placement | Checksum: 1eab8809f

Time (s): cpu = 00:00:38 ; elapsed = 00:00:15 . Memory (MB): peak = 3207.816 ; gain = 0.000 ; free physical = 154 ; free virtual = 8376

Phase 4 Post Placement Optimization and Clean-Up

Phase 4.1 Post Commit Optimization
INFO: [Timing 38-35] Done setting XDC timing constraints.

Phase 4.1.1 Post Placement Optimization
Post Placement Optimization Initialization | Checksum: 1763bbaab

Phase 4.1.1.1 BUFG Insertion

Starting Physical Synthesis Task

Phase 1 Physical Synthesis Initialization
INFO: [Physopt 32-721] Multithreading enabled for phys_opt_design using a maximum of 8 CPUs
INFO: [Physopt 32-619] Estimated Timing Summary | WNS=5.423 | TNS=0.000 |
Phase 1 Physical Synthesis Initialization | Checksum: 161e64ce7

Time (s): cpu = 00:00:00.52 ; elapsed = 00:00:00.13 . Memory (MB): peak = 3207.816 ; gain = 0.000 ; free physical = 152 ; free virtual = 8373
INFO: [Place 46-56] BUFG insertion identified 0 candidate nets. Inserted BUFG: 0, Replicated BUFG Driver: 0, Skipped due to Placement/Routing Conflicts: 0, Skipped due to Timing Degradation: 0, Skipped due to netlist editing failed: 0.
Ending Physical Synthesis Task | Checksum: 1e67df12f

Time (s): cpu = 00:00:00.71 ; elapsed = 00:00:00.21 . Memory (MB): peak = 3207.816 ; gain = 0.000 ; free physical = 152 ; free virtual = 8373
Phase 4.1.1.1 BUFG Insertion | Checksum: 1763bbaab

Time (s): cpu = 00:00:44 ; elapsed = 00:00:17 . Memory (MB): peak = 3207.816 ; gain = 0.000 ; free physical = 152 ; free virtual = 8373

Phase 4.1.1.2 Post Placement Timing Optimization
INFO: [Place 30-746] Post Placement Timing Summary WNS=5.423. For the most accurate timing information please run report_timing.
Phase 4.1.1.2 Post Placement Timing Optimization | Checksum: 2457394ed

Time (s): cpu = 00:00:44 ; elapsed = 00:00:17 . Memory (MB): peak = 3207.816 ; gain = 0.000 ; free physical = 152 ; free virtual = 8373

Time (s): cpu = 00:00:44 ; elapsed = 00:00:17 . Memory (MB): peak = 3207.816 ; gain = 0.000 ; free physical = 152 ; free virtual = 8373
Phase 4.1 Post Commit Optimization | Checksum: 2457394ed

Time (s): cpu = 00:00:44 ; elapsed = 00:00:17 . Memory (MB): peak = 3207.816 ; gain = 0.000 ; free physical = 152 ; free virtual = 8373

Phase 4.2 Post Placement Cleanup
Phase 4.2 Post Placement Cleanup | Checksum: 2457394ed

Time (s): cpu = 00:00:44 ; elapsed = 00:00:17 . Memory (MB): peak = 3207.816 ; gain = 0.000 ; free physical = 152 ; free virtual = 8373

Phase 4.3 Placer Reporting

Phase 4.3.1 Print Estimated Congestion
INFO: [Place 30-612] Post-Placement Estimated Congestion 
 ____________________________________________________
|           | Global Congestion | Short Congestion  |
| Direction | Region Size       | Region Size       |
|___________|___________________|___________________|
|      North|                1x1|                2x2|
|___________|___________________|___________________|
|      South|                1x1|                1x1|
|___________|___________________|___________________|
|       East|                1x1|                1x1|
|___________|___________________|___________________|
|       West|                1x1|                1x1|
|___________|___________________|___________________|

Phase 4.3.1 Print Estimated Congestion | Checksum: 2457394ed

Time (s): cpu = 00:00:45 ; elapsed = 00:00:17 . Memory (MB): peak = 3207.816 ; gain = 0.000 ; free physical = 152 ; free virtual = 8373
Phase 4.3 Placer Reporting | Checksum: 2457394ed

Time (s): cpu = 00:00:45 ; elapsed = 00:00:17 . Memory (MB): peak = 3207.816 ; gain = 0.000 ; free physical = 152 ; free virtual = 8373

Phase 4.4 Final Placement Cleanup
Netlist sorting complete. Time (s): cpu = 00:00:00 ; elapsed = 00:00:00.01 . Memory (MB): peak = 3207.816 ; gain = 0.000 ; free physical = 152 ; free virtual = 8373

Time (s): cpu = 00:00:45 ; elapsed = 00:00:17 . Memory (MB): peak = 3207.816 ; gain = 0.000 ; free physical = 152 ; free virtual = 8373
Phase 4 Post Placement Optimization and Clean-Up | Checksum: 1b6aa5ab5

Time (s): cpu = 00:00:45 ; elapsed = 00:00:17 . Memory (MB): peak = 3207.816 ; gain = 0.000 ; free physical = 152 ; free virtual = 8373
Ending Placer Task | Checksum: da17c144

Time (s): cpu = 00:00:45 ; elapsed = 00:00:17 . Memory (MB): peak = 3207.816 ; gain = 0.000 ; free physical = 152 ; free virtual = 8373
124 Infos, 0 Warnings, 0 Critical Warnings and 0 Errors encountered.
place_design completed successfully
place_design: Time (s): cpu = 00:00:48 ; elapsed = 00:00:19 . Memory (MB): peak = 3207.816 ; gain = 48.020 ; free physical = 152 ; free virtual = 8373
INFO: [Vivado 12-24838] Running report commands "report_control_sets, report_io, report_utilization" in parallel.
Running report generation with 3 threads.
INFO: [Vivado 12-24828] Executing command : report_control_sets -verbose -file System_Top_wrapper_control_sets_placed.rpt
report_control_sets: Time (s): cpu = 00:00:00.19 ; elapsed = 00:00:00.18 . Memory (MB): peak = 3207.816 ; gain = 0.000 ; free physical = 239 ; free virtual = 8363
INFO: [Vivado 12-24828] Executing command : report_io -file System_Top_wrapper_io_placed.rpt
report_io: Time (s): cpu = 00:00:00.25 ; elapsed = 00:00:00.27 . Memory (MB): peak = 3207.816 ; gain = 0.000 ; free physical = 243 ; free virtual = 8366
INFO: [Vivado 12-24828] Executing command : report_utilization -file System_Top_wrapper_utilization_placed.rpt -pb System_Top_wrapper_utilization_placed.pb
INFO: [Timing 38-480] Writing timing data to binary archive.
Wrote PlaceDB: Time (s): cpu = 00:00:00 ; elapsed = 00:00:00 . Memory (MB): peak = 3207.816 ; gain = 0.000 ; free physical = 257 ; free virtual = 8381
Wrote PulsedLatchDB: Time (s): cpu = 00:00:00 ; elapsed = 00:00:00 . Memory (MB): peak = 3207.816 ; gain = 0.000 ; free physical = 257 ; free virtual = 8381
Writing XDEF routing.
Writing XDEF routing logical nets.
Write ShapeDB Complete: Time (s): cpu = 00:00:00.16 ; elapsed = 00:00:00.04 . Memory (MB): peak = 3207.816 ; gain = 0.000 ; free physical = 253 ; free virtual = 8380
Writing XDEF routing special nets.
Wrote RouteStorage: Time (s): cpu = 00:00:00.17 ; elapsed = 00:00:00.04 . Memory (MB): peak = 3207.816 ; gain = 0.000 ; free physical = 253 ; free virtual = 8380
Wrote PlaceStorage: Time (s): cpu = 00:00:01 ; elapsed = 00:00:00.34 . Memory (MB): peak = 3207.816 ; gain = 0.000 ; free physical = 238 ; free virtual = 8376
Wrote Netlist Cache: Time (s): cpu = 00:00:00.03 ; elapsed = 00:00:00.01 . Memory (MB): peak = 3207.816 ; gain = 0.000 ; free physical = 238 ; free virtual = 8377
Wrote Device Cache: Time (s): cpu = 00:00:00.03 ; elapsed = 00:00:00.01 . Memory (MB): peak = 3207.816 ; gain = 0.000 ; free physical = 234 ; free virtual = 8374
Write Physdb Complete: Time (s): cpu = 00:00:01 ; elapsed = 00:00:00.41 . Memory (MB): peak = 3207.816 ; gain = 0.000 ; free physical = 234 ; free virtual = 8374
INFO: [Common 17-1381] The checkpoint '/home/gary/Individual_Project_System/Individual_Project_System.runs/impl_1/System_Top_wrapper_placed.dcp' has been generated.
Command: phys_opt_design
Attempting to get a license for feature 'Implementation' and/or device 'xc7z020'
INFO: [Common 17-349] Got license for feature 'Implementation' and/or device 'xc7z020'

Starting Initial Update Timing Task

Time (s): cpu = 00:00:05 ; elapsed = 00:00:01 . Memory (MB): peak = 3207.816 ; gain = 0.000 ; free physical = 254 ; free virtual = 8381
INFO: [Vivado_Tcl 4-2279] Estimated Timing Summary | WNS= 5.423 | TNS= 0.000 | 
INFO: [Vivado_Tcl 4-383] Design worst setup slack (WNS) is greater than or equal to 0.000 ns. All physical synthesis setup optimizations will be skipped.
INFO: [Vivado_Tcl 4-232] No setup violation found. The netlist was not modified.
INFO: [Common 17-83] Releasing license: Implementation
135 Infos, 0 Warnings, 0 Critical Warnings and 0 Errors encountered.
phys_opt_design completed successfully
INFO: [Timing 38-480] Writing timing data to binary archive.
Wrote PlaceDB: Time (s): cpu = 00:00:00 ; elapsed = 00:00:00 . Memory (MB): peak = 3207.816 ; gain = 0.000 ; free physical = 254 ; free virtual = 8381
Wrote PulsedLatchDB: Time (s): cpu = 00:00:00 ; elapsed = 00:00:00 . Memory (MB): peak = 3207.816 ; gain = 0.000 ; free physical = 254 ; free virtual = 8381
Writing XDEF routing.
Writing XDEF routing logical nets.
Write ShapeDB Complete: Time (s): cpu = 00:00:00.17 ; elapsed = 00:00:00.03 . Memory (MB): peak = 3207.816 ; gain = 0.000 ; free physical = 251 ; free virtual = 8381
Writing XDEF routing special nets.
Wrote RouteStorage: Time (s): cpu = 00:00:00.18 ; elapsed = 00:00:00.04 . Memory (MB): peak = 3207.816 ; gain = 0.000 ; free physical = 251 ; free virtual = 8381
Wrote PlaceStorage: Time (s): cpu = 00:00:01 ; elapsed = 00:00:00.33 . Memory (MB): peak = 3207.816 ; gain = 0.000 ; free physical = 235 ; free virtual = 8376
Wrote Netlist Cache: Time (s): cpu = 00:00:00.03 ; elapsed = 00:00:00.01 . Memory (MB): peak = 3207.816 ; gain = 0.000 ; free physical = 235 ; free virtual = 8377
Wrote Device Cache: Time (s): cpu = 00:00:00.02 ; elapsed = 00:00:00.01 . Memory (MB): peak = 3207.816 ; gain = 0.000 ; free physical = 235 ; free virtual = 8378
Write Physdb Complete: Time (s): cpu = 00:00:01 ; elapsed = 00:00:00.39 . Memory (MB): peak = 3207.816 ; gain = 0.000 ; free physical = 235 ; free virtual = 8378
INFO: [Common 17-1381] The checkpoint '/home/gary/Individual_Project_System/Individual_Project_System.runs/impl_1/System_Top_wrapper_physopt.dcp' has been generated.
Command: route_design
Attempting to get a license for feature 'Implementation' and/or device 'xc7z020'
INFO: [Common 17-349] Got license for feature 'Implementation' and/or device 'xc7z020'


Starting Routing Task
INFO: [Route 35-254] Multithreading enabled for route_design using a maximum of 8 CPUs

Phase 1 Build RT Design
Checksum: PlaceDB: 752f7587 ConstDB: 0 ShapeSum: 4eeed8cd RouteDB: 15f972f0
Post Restoration Checksum: NetGraph: bea1fd35 | NumContArr: e07d8ad2 | Constraints: c2a8fa9d | Timing: c2a8fa9d
Phase 1 Build RT Design | Checksum: 324717d41

Time (s): cpu = 00:00:23 ; elapsed = 00:00:15 . Memory (MB): peak = 3207.816 ; gain = 0.000 ; free physical = 304 ; free virtual = 8431

Phase 2 Router Initialization

Phase 2.1 Fix Topology Constraints
Phase 2.1 Fix Topology Constraints | Checksum: 324717d41

Time (s): cpu = 00:00:23 ; elapsed = 00:00:15 . Memory (MB): peak = 3207.816 ; gain = 0.000 ; free physical = 304 ; free virtual = 8431

Phase 2.2 Pre Route Cleanup
Phase 2.2 Pre Route Cleanup | Checksum: 324717d41

Time (s): cpu = 00:00:23 ; elapsed = 00:00:15 . Memory (MB): peak = 3207.816 ; gain = 0.000 ; free physical = 304 ; free virtual = 8431
 Number of Nodes with overlaps = 0

Phase 2.3 Update Timing
Phase 2.3 Update Timing | Checksum: 2ba538431

Time (s): cpu = 00:00:31 ; elapsed = 00:00:17 . Memory (MB): peak = 3207.816 ; gain = 0.000 ; free physical = 303 ; free virtual = 8432
INFO: [Route 35-416] Intermediate Timing Summary | WNS=5.784  | TNS=0.000  | WHS=-0.351 | THS=-333.594|


Phase 2.4 Soft Constraint Pins - Fast Budgeting
Phase 2.4 Soft Constraint Pins - Fast Budgeting | Checksum: 22e2c06b4

Time (s): cpu = 00:00:33 ; elapsed = 00:00:17 . Memory (MB): peak = 3207.816 ; gain = 0.000 ; free physical = 303 ; free virtual = 8431

Router Utilization Summary
  Global Vertical Routing Utilization    = 0 %
  Global Horizontal Routing Utilization  = 0 %
  Routable Net Status*
  *Does not include unroutable nets such as driverless and loadless.
  Run report_route_status for detailed report.
  Number of Failed Nets               = 9200
    (Failed Nets is the sum of unrouted and partially routed nets)
  Number of Unrouted Nets             = 9200
  Number of Partially Routed Nets     = 0
  Number of Node Overlaps             = 0

Phase 2 Router Initialization | Checksum: 2169660c6

Time (s): cpu = 00:00:33 ; elapsed = 00:00:18 . Memory (MB): peak = 3207.816 ; gain = 0.000 ; free physical = 303 ; free virtual = 8432

Phase 3 Global Routing
Phase 3 Global Routing | Checksum: 2169660c6

Time (s): cpu = 00:00:33 ; elapsed = 00:00:18 . Memory (MB): peak = 3207.816 ; gain = 0.000 ; free physical = 303 ; free virtual = 8432

Phase 4 Initial Routing

Phase 4.1 Initial Net Routing Pass
Phase 4.1 Initial Net Routing Pass | Checksum: 3582f86e3

Time (s): cpu = 00:00:37 ; elapsed = 00:00:18 . Memory (MB): peak = 3207.816 ; gain = 0.000 ; free physical = 364 ; free virtual = 8492
Phase 4 Initial Routing | Checksum: 3582f86e3

Time (s): cpu = 00:00:37 ; elapsed = 00:00:18 . Memory (MB): peak = 3207.816 ; gain = 0.000 ; free physical = 364 ; free virtual = 8492

Phase 5 Rip-up And Reroute

Phase 5.1 Global Iteration 0
 Number of Nodes with overlaps = 1398
 Number of Nodes with overlaps = 52
 Number of Nodes with overlaps = 9
 Number of Nodes with overlaps = 2
 Number of Nodes with overlaps = 1
 Number of Nodes with overlaps = 2
 Number of Nodes with overlaps = 1
 Number of Nodes with overlaps = 0
INFO: [Route 35-416] Intermediate Timing Summary | WNS=4.648  | TNS=0.000  | WHS=N/A    | THS=N/A    |

Phase 5.1 Global Iteration 0 | Checksum: 288538ae3

Time (s): cpu = 00:00:45 ; elapsed = 00:00:23 . Memory (MB): peak = 3207.816 ; gain = 0.000 ; free physical = 434 ; free virtual = 8563
Phase 5 Rip-up And Reroute | Checksum: 288538ae3

Time (s): cpu = 00:00:45 ; elapsed = 00:00:23 . Memory (MB): peak = 3207.816 ; gain = 0.000 ; free physical = 434 ; free virtual = 8563

Phase 6 Delay and Skew Optimization

Phase 6.1 Delay CleanUp

Phase 6.1.1 Update Timing
Phase 6.1.1 Update Timing | Checksum: 20628bd47

Time (s): cpu = 00:00:46 ; elapsed = 00:00:23 . Memory (MB): peak = 3207.816 ; gain = 0.000 ; free physical = 434 ; free virtual = 8563
INFO: [Route 35-416] Intermediate Timing Summary | WNS=4.648  | TNS=0.000  | WHS=N/A    | THS=N/A    |

Phase 6.1 Delay CleanUp | Checksum: 20628bd47

Time (s): cpu = 00:00:46 ; elapsed = 00:00:23 . Memory (MB): peak = 3207.816 ; gain = 0.000 ; free physical = 434 ; free virtual = 8563

Phase 6.2 Clock Skew Optimization
Phase 6.2 Clock Skew Optimization | Checksum: 20628bd47

Time (s): cpu = 00:00:46 ; elapsed = 00:00:23 . Memory (MB): peak = 3207.816 ; gain = 0.000 ; free physical = 434 ; free virtual = 8563
Phase 6 Delay and Skew Optimization | Checksum: 20628bd47

Time (s): cpu = 00:00:46 ; elapsed = 00:00:23 . Memory (MB): peak = 3207.816 ; gain = 0.000 ; free physical = 434 ; free virtual = 8563

Phase 7 Post Hold Fix

Phase 7.1 Hold Fix Iter
INFO: [Route 35-416] Intermediate Timing Summary | WNS=4.648  | TNS=0.000  | WHS=0.028  | THS=0.000  |

Phase 7.1 Hold Fix Iter | Checksum: 2a2a61437

Time (s): cpu = 00:00:47 ; elapsed = 00:00:24 . Memory (MB): peak = 3207.816 ; gain = 0.000 ; free physical = 435 ; free virtual = 8563
Phase 7 Post Hold Fix | Checksum: 2a2a61437

Time (s): cpu = 00:00:47 ; elapsed = 00:00:24 . Memory (MB): peak = 3207.816 ; gain = 0.000 ; free physical = 435 ; free virtual = 8563

Phase 8 Route finalize

Router Utilization Summary
  Global Vertical Routing Utilization    = 2.57124 %
  Global Horizontal Routing Utilization  = 3.25744 %
  Routable Net Status*
  *Does not include unroutable nets such as driverless and loadless.
  Run report_route_status for detailed report.
  Number of Failed Nets               = 0
    (Failed Nets is the sum of unrouted and partially routed nets)
  Number of Unrouted Nets             = 0
  Number of Partially Routed Nets     = 0
  Number of Node Overlaps             = 0

Phase 8 Route finalize | Checksum: 2a2a61437

Time (s): cpu = 00:00:47 ; elapsed = 00:00:24 . Memory (MB): peak = 3207.816 ; gain = 0.000 ; free physical = 435 ; free virtual = 8563

Phase 9 Verifying routed nets

 Verification completed successfully
Phase 9 Verifying routed nets | Checksum: 2a2a61437

Time (s): cpu = 00:00:47 ; elapsed = 00:00:24 . Memory (MB): peak = 3207.816 ; gain = 0.000 ; free physical = 435 ; free virtual = 8563

Phase 10 Depositing Routes
Phase 10 Depositing Routes | Checksum: 2c165a3a7

Time (s): cpu = 00:00:48 ; elapsed = 00:00:24 . Memory (MB): peak = 3207.816 ; gain = 0.000 ; free physical = 437 ; free virtual = 8565

Phase 11 Post Process Routing
Phase 11 Post Process Routing | Checksum: 2c165a3a7

Time (s): cpu = 00:00:48 ; elapsed = 00:00:24 . Memory (MB): peak = 3207.816 ; gain = 0.000 ; free physical = 437 ; free virtual = 8565

Phase 12 Post Router Timing
INFO: [Route 35-57] Estimated Timing Summary | WNS=4.648  | TNS=0.000  | WHS=0.028  | THS=0.000  |

INFO: [Route 35-327] The final timing numbers are based on the router estimated timing analysis. For a complete and accurate timing signoff, please run report_timing_summary.
Phase 12 Post Router Timing | Checksum: 2c165a3a7

Time (s): cpu = 00:00:48 ; elapsed = 00:00:24 . Memory (MB): peak = 3207.816 ; gain = 0.000 ; free physical = 437 ; free virtual = 8565
Total Elapsed time in route_design: 24.15 secs

Phase 13 Post-Route Event Processing
Phase 13 Post-Route Event Processing | Checksum: 1dc5f1520

Time (s): cpu = 00:00:48 ; elapsed = 00:00:24 . Memory (MB): peak = 3207.816 ; gain = 0.000 ; free physical = 437 ; free virtual = 8565
INFO: [Route 35-16] Router Completed Successfully
Ending Routing Task | Checksum: 1dc5f1520

Time (s): cpu = 00:00:48 ; elapsed = 00:00:24 . Memory (MB): peak = 3207.816 ; gain = 0.000 ; free physical = 437 ; free virtual = 8565

Routing Is Done.
INFO: [Common 17-83] Releasing license: Implementation
147 Infos, 0 Warnings, 0 Critical Warnings and 0 Errors encountered.
route_design completed successfully
route_design: Time (s): cpu = 00:00:49 ; elapsed = 00:00:24 . Memory (MB): peak = 3207.816 ; gain = 0.000 ; free physical = 437 ; free virtual = 8565
INFO: [Vivado 12-24828] Executing command : report_drc -file System_Top_wrapper_drc_routed.rpt -pb System_Top_wrapper_drc_routed.pb -rpx System_Top_wrapper_drc_routed.rpx
Command: report_drc -file System_Top_wrapper_drc_routed.rpt -pb System_Top_wrapper_drc_routed.pb -rpx System_Top_wrapper_drc_routed.rpx
INFO: [IP_Flow 19-1839] IP Catalog is up to date.
INFO: [DRC 23-27] Running DRC with 8 threads
INFO: [Vivado_Tcl 2-168] The results of DRC are in file /home/gary/Individual_Project_System/Individual_Project_System.runs/impl_1/System_Top_wrapper_drc_routed.rpt.
report_drc completed successfully
INFO: [Vivado 12-24828] Executing command : report_methodology -file System_Top_wrapper_methodology_drc_routed.rpt -pb System_Top_wrapper_methodology_drc_routed.pb -rpx System_Top_wrapper_methodology_drc_routed.rpx
Command: report_methodology -file System_Top_wrapper_methodology_drc_routed.rpt -pb System_Top_wrapper_methodology_drc_routed.pb -rpx System_Top_wrapper_methodology_drc_routed.rpx
INFO: [Timing 38-35] Done setting XDC timing constraints.
INFO: [DRC 23-133] Running Methodology with 8 threads
INFO: [Vivado_Tcl 2-1520] The results of Report Methodology are in file /home/gary/Individual_Project_System/Individual_Project_System.runs/impl_1/System_Top_wrapper_methodology_drc_routed.rpt.
report_methodology completed successfully
INFO: [Vivado 12-24828] Executing command : report_timing_summary -max_paths 10 -routable_nets -report_unconstrained -file System_Top_wrapper_timing_summary_routed.rpt -pb System_Top_wrapper_timing_summary_routed.pb -rpx System_Top_wrapper_timing_summary_routed.rpx -warn_on_violation 
INFO: [Timing 38-35] Done setting XDC timing constraints.
INFO: [Timing 38-91] UpdateTimingParams: Speed grade: -1, Delay Type: min_max.
INFO: [Timing 38-191] Multithreading enabled for timing update using a maximum of 8 CPUs
INFO: [Vivado 12-24838] Running report commands "report_bus_skew, report_incremental_reuse, report_route_status" in parallel.
Running report generation with 3 threads.
INFO: [Vivado 12-24828] Executing command : report_incremental_reuse -file System_Top_wrapper_incremental_reuse_routed.rpt
INFO: [Vivado_Tcl 4-1062] Incremental flow is disabled. No incremental reuse Info to report.
INFO: [Vivado 12-24828] Executing command : report_bus_skew -warn_on_violation -file System_Top_wrapper_bus_skew_routed.rpt -pb System_Top_wrapper_bus_skew_routed.pb -rpx System_Top_wrapper_bus_skew_routed.rpx
INFO: [Timing 38-91] UpdateTimingParams: Speed grade: -1, Delay Type: min_max.
INFO: [Timing 38-191] Multithreading enabled for timing update using a maximum of 8 CPUs
INFO: [Vivado 12-24828] Executing command : report_route_status -file System_Top_wrapper_route_status.rpt -pb System_Top_wrapper_route_status.pb
INFO: [Vivado 12-24828] Executing command : report_power -file System_Top_wrapper_power_routed.rpt -pb System_Top_wrapper_power_summary_routed.pb -rpx System_Top_wrapper_power_routed.rpx
Command: report_power -file System_Top_wrapper_power_routed.rpt -pb System_Top_wrapper_power_summary_routed.pb -rpx System_Top_wrapper_power_routed.rpx
Running Vector-less Activity Propagation...

Finished Running Vector-less Activity Propagation
WARNING: [Power 33-332] Found switching activity that implies high-fanout reset nets being asserted for excessive periods of time which may result in inaccurate power analysis.
Resolution: To review and fix problems, please run Power Constraints Advisor in the GUI from Tools > Power Constraints Advisor or run report_power with the -advisory option to generate a text report.
167 Infos, 1 Warnings, 0 Critical Warnings and 0 Errors encountered.
report_power completed successfully
INFO: [Vivado 12-24828] Executing command : report_clock_utilization -file System_Top_wrapper_clock_utilization_routed.rpt
generate_parallel_reports: Time (s): cpu = 00:00:25 ; elapsed = 00:00:08 . Memory (MB): peak = 3207.816 ; gain = 0.000 ; free physical = 549 ; free virtual = 8680
INFO: [Timing 38-480] Writing timing data to binary archive.
Wrote PlaceDB: Time (s): cpu = 00:00:00 ; elapsed = 00:00:00 . Memory (MB): peak = 3207.816 ; gain = 0.000 ; free physical = 549 ; free virtual = 8680
Wrote PulsedLatchDB: Time (s): cpu = 00:00:00.01 ; elapsed = 00:00:00 . Memory (MB): peak = 3207.816 ; gain = 0.000 ; free physical = 549 ; free virtual = 8680
Writing XDEF routing.
Writing XDEF routing logical nets.
Write ShapeDB Complete: Time (s): cpu = 00:00:00.16 ; elapsed = 00:00:00.04 . Memory (MB): peak = 3207.816 ; gain = 0.000 ; free physical = 547 ; free virtual = 8681
Writing XDEF routing special nets.
Wrote RouteStorage: Time (s): cpu = 00:00:00.48 ; elapsed = 00:00:00.11 . Memory (MB): peak = 3207.816 ; gain = 0.000 ; free physical = 544 ; free virtual = 8682
Wrote PlaceStorage: Time (s): cpu = 00:00:00.93 ; elapsed = 00:00:00.32 . Memory (MB): peak = 3207.816 ; gain = 0.000 ; free physical = 541 ; free virtual = 8688
Wrote Netlist Cache: Time (s): cpu = 00:00:00.03 ; elapsed = 00:00:00.01 . Memory (MB): peak = 3207.816 ; gain = 0.000 ; free physical = 541 ; free virtual = 8689
Wrote Device Cache: Time (s): cpu = 00:00:00.02 ; elapsed = 00:00:00.01 . Memory (MB): peak = 3207.816 ; gain = 0.000 ; free physical = 541 ; free virtual = 8690
Write Physdb Complete: Time (s): cpu = 00:00:01 ; elapsed = 00:00:00.46 . Memory (MB): peak = 3207.816 ; gain = 0.000 ; free physical = 541 ; free virtual = 8690
INFO: [Common 17-1381] The checkpoint '/home/gary/Individual_Project_System/Individual_Project_System.runs/impl_1/System_Top_wrapper_routed.dcp' has been generated.
INFO: [Memdata 28-167] Found XPM memory block System_Top_i/smartconnect_0/inst/s00_nodes/s00_w_node/inst/inst_mi_handler/gen_normal_area.inst_fifo_node_payld/gen_xpm_memory_fifo.inst_fifo/gen_mem_rep[0].inst_xpm_memory/xpm_memory_base_inst with a P_MEMORY_PRIMITIVE property set to distributed. A value of block is required. You will not be able to use the updatemem program to update the bitstream with new data for the System_Top_i/smartconnect_0/inst/s00_nodes/s00_w_node/inst/inst_mi_handler/gen_normal_area.inst_fifo_node_payld/gen_xpm_memory_fifo.inst_fifo/gen_mem_rep[0].inst_xpm_memory/xpm_memory_base_inst block.
INFO: [Memdata 28-167] Found XPM memory block System_Top_i/smartconnect_0/inst/s00_nodes/s00_w_node/inst/inst_mi_handler/gen_normal_area.gen_fifo_req.inst_fifo_req/gen_xpm_memory_fifo.inst_fifo/gen_mem_rep[0].inst_xpm_memory/xpm_memory_base_inst with a P_MEMORY_PRIMITIVE property set to distributed. A value of block is required. You will not be able to use the updatemem program to update the bitstream with new data for the System_Top_i/smartconnect_0/inst/s00_nodes/s00_w_node/inst/inst_mi_handler/gen_normal_area.gen_fifo_req.inst_fifo_req/gen_xpm_memory_fifo.inst_fifo/gen_mem_rep[0].inst_xpm_memory/xpm_memory_base_inst block.
INFO: [Memdata 28-167] Found XPM memory block System_Top_i/smartconnect_0/inst/s00_nodes/s00_r_node/inst/inst_mi_handler/gen_normal_area.inst_fifo_node_payld/gen_xpm_memory_fifo.inst_fifo/gen_mem_rep[0].inst_xpm_memory/xpm_memory_base_inst with a P_MEMORY_PRIMITIVE property set to distributed. A value of block is required. You will not be able to use the updatemem program to update the bitstream with new data for the System_Top_i/smartconnect_0/inst/s00_nodes/s00_r_node/inst/inst_mi_handler/gen_normal_area.inst_fifo_node_payld/gen_xpm_memory_fifo.inst_fifo/gen_mem_rep[0].inst_xpm_memory/xpm_memory_base_inst block.
INFO: [Memdata 28-167] Found XPM memory block System_Top_i/smartconnect_0/inst/s00_nodes/s00_b_node/inst/inst_mi_handler/gen_normal_area.inst_fifo_node_payld/gen_xpm_memory_fifo.inst_fifo/gen_mem_rep[0].inst_xpm_memory/xpm_memory_base_inst with a P_MEMORY_PRIMITIVE property set to distributed. A value of block is required. You will not be able to use the updatemem program to update the bitstream with new data for the System_Top_i/smartconnect_0/inst/s00_nodes/s00_b_node/inst/inst_mi_handler/gen_normal_area.inst_fifo_node_payld/gen_xpm_memory_fifo.inst_fifo/gen_mem_rep[0].inst_xpm_memory/xpm_memory_base_inst block.
INFO: [Memdata 28-167] Found XPM memory block System_Top_i/smartconnect_0/inst/s00_nodes/s00_aw_node/inst/inst_mi_handler/gen_normal_area.inst_fifo_node_payld/gen_xpm_memory_fifo.inst_fifo/gen_mem_rep[0].inst_xpm_memory/xpm_memory_base_inst with a P_MEMORY_PRIMITIVE property set to distributed. A value of block is required. You will not be able to use the updatemem program to update the bitstream with new data for the System_Top_i/smartconnect_0/inst/s00_nodes/s00_aw_node/inst/inst_mi_handler/gen_normal_area.inst_fifo_node_payld/gen_xpm_memory_fifo.inst_fifo/gen_mem_rep[0].inst_xpm_memory/xpm_memory_base_inst block.
INFO: [Memdata 28-167] Found XPM memory block System_Top_i/smartconnect_0/inst/s00_nodes/s00_aw_node/inst/inst_mi_handler/gen_normal_area.gen_fifo_req.inst_fifo_req/gen_xpm_memory_fifo.inst_fifo/gen_mem_rep[0].inst_xpm_memory/xpm_memory_base_inst with a P_MEMORY_PRIMITIVE property set to distributed. A value of block is required. You will not be able to use the updatemem program to update the bitstream with new data for the System_Top_i/smartconnect_0/inst/s00_nodes/s00_aw_node/inst/inst_mi_handler/gen_normal_area.gen_fifo_req.inst_fifo_req/gen_xpm_memory_fifo.inst_fifo/gen_mem_rep[0].inst_xpm_memory/xpm_memory_base_inst block.
INFO: [Memdata 28-167] Found XPM memory block System_Top_i/smartconnect_0/inst/s00_nodes/s00_ar_node/inst/inst_mi_handler/gen_normal_area.inst_fifo_node_payld/gen_xpm_memory_fifo.inst_fifo/gen_mem_rep[0].inst_xpm_memory/xpm_memory_base_inst with a P_MEMORY_PRIMITIVE property set to distributed. A value of block is required. You will not be able to use the updatemem program to update the bitstream with new data for the System_Top_i/smartconnect_0/inst/s00_nodes/s00_ar_node/inst/inst_mi_handler/gen_normal_area.inst_fifo_node_payld/gen_xpm_memory_fifo.inst_fifo/gen_mem_rep[0].inst_xpm_memory/xpm_memory_base_inst block.
INFO: [Memdata 28-167] Found XPM memory block System_Top_i/smartconnect_0/inst/s00_nodes/s00_ar_node/inst/inst_mi_handler/gen_normal_area.gen_fifo_req.inst_fifo_req/gen_xpm_memory_fifo.inst_fifo/gen_mem_rep[0].inst_xpm_memory/xpm_memory_base_inst with a P_MEMORY_PRIMITIVE property set to distributed. A value of block is required. You will not be able to use the updatemem program to update the bitstream with new data for the System_Top_i/smartconnect_0/inst/s00_nodes/s00_ar_node/inst/inst_mi_handler/gen_normal_area.gen_fifo_req.inst_fifo_req/gen_xpm_memory_fifo.inst_fifo/gen_mem_rep[0].inst_xpm_memory/xpm_memory_base_inst block.
INFO: [Memdata 28-167] Found XPM memory block System_Top_i/smartconnect_0/inst/m01_nodes/m01_w_node/inst/inst_mi_handler/gen_normal_area.inst_fifo_node_payld/gen_xpm_memory_fifo.inst_fifo/gen_mem_rep[0].inst_xpm_memory/xpm_memory_base_inst with a P_MEMORY_PRIMITIVE property set to distributed. A value of block is required. You will not be able to use the updatemem program to update the bitstream with new data for the System_Top_i/smartconnect_0/inst/m01_nodes/m01_w_node/inst/inst_mi_handler/gen_normal_area.inst_fifo_node_payld/gen_xpm_memory_fifo.inst_fifo/gen_mem_rep[0].inst_xpm_memory/xpm_memory_base_inst block.
INFO: [Memdata 28-167] Found XPM memory block System_Top_i/smartconnect_0/inst/m01_nodes/m01_r_node/inst/inst_mi_handler/gen_normal_area.inst_fifo_node_payld/gen_xpm_memory_fifo.inst_fifo/gen_mem_rep[0].inst_xpm_memory/xpm_memory_base_inst with a P_MEMORY_PRIMITIVE property set to distributed. A value of block is required. You will not be able to use the updatemem program to update the bitstream with new data for the System_Top_i/smartconnect_0/inst/m01_nodes/m01_r_node/inst/inst_mi_handler/gen_normal_area.inst_fifo_node_payld/gen_xpm_memory_fifo.inst_fifo/gen_mem_rep[0].inst_xpm_memory/xpm_memory_base_inst block.
INFO: [Memdata 28-167] Found XPM memory block System_Top_i/smartconnect_0/inst/m01_nodes/m01_b_node/inst/inst_mi_handler/gen_normal_area.inst_fifo_node_payld/gen_xpm_memory_fifo.inst_fifo/gen_mem_rep[0].inst_xpm_memory/xpm_memory_base_inst with a P_MEMORY_PRIMITIVE property set to distributed. A value of block is required. You will not be able to use the updatemem program to update the bitstream with new data for the System_Top_i/smartconnect_0/inst/m01_nodes/m01_b_node/inst/inst_mi_handler/gen_normal_area.inst_fifo_node_payld/gen_xpm_memory_fifo.inst_fifo/gen_mem_rep[0].inst_xpm_memory/xpm_memory_base_inst block.
INFO: [Memdata 28-167] Found XPM memory block System_Top_i/smartconnect_0/inst/m01_nodes/m01_aw_node/inst/inst_mi_handler/gen_normal_area.inst_fifo_node_payld/gen_xpm_memory_fifo.inst_fifo/gen_mem_rep[0].inst_xpm_memory/xpm_memory_base_inst with a P_MEMORY_PRIMITIVE property set to distributed. A value of block is required. You will not be able to use the updatemem program to update the bitstream with new data for the System_Top_i/smartconnect_0/inst/m01_nodes/m01_aw_node/inst/inst_mi_handler/gen_normal_area.inst_fifo_node_payld/gen_xpm_memory_fifo.inst_fifo/gen_mem_rep[0].inst_xpm_memory/xpm_memory_base_inst block.
INFO: [Memdata 28-167] Found XPM memory block System_Top_i/smartconnect_0/inst/m01_nodes/m01_ar_node/inst/inst_mi_handler/gen_normal_area.inst_fifo_node_payld/gen_xpm_memory_fifo.inst_fifo/gen_mem_rep[0].inst_xpm_memory/xpm_memory_base_inst with a P_MEMORY_PRIMITIVE property set to distributed. A value of block is required. You will not be able to use the updatemem program to update the bitstream with new data for the System_Top_i/smartconnect_0/inst/m01_nodes/m01_ar_node/inst/inst_mi_handler/gen_normal_area.inst_fifo_node_payld/gen_xpm_memory_fifo.inst_fifo/gen_mem_rep[0].inst_xpm_memory/xpm_memory_base_inst block.
INFO: [Memdata 28-167] Found XPM memory block System_Top_i/smartconnect_0/inst/m00_nodes/m00_w_node/inst/inst_mi_handler/gen_normal_area.inst_fifo_node_payld/gen_xpm_memory_fifo.inst_fifo/gen_mem_rep[0].inst_xpm_memory/xpm_memory_base_inst with a P_MEMORY_PRIMITIVE property set to distributed. A value of block is required. You will not be able to use the updatemem program to update the bitstream with new data for the System_Top_i/smartconnect_0/inst/m00_nodes/m00_w_node/inst/inst_mi_handler/gen_normal_area.inst_fifo_node_payld/gen_xpm_memory_fifo.inst_fifo/gen_mem_rep[0].inst_xpm_memory/xpm_memory_base_inst block.
INFO: [Memdata 28-167] Found XPM memory block System_Top_i/smartconnect_0/inst/m00_nodes/m00_r_node/inst/inst_mi_handler/gen_normal_area.inst_fifo_node_payld/gen_xpm_memory_fifo.inst_fifo/gen_mem_rep[0].inst_xpm_memory/xpm_memory_base_inst with a P_MEMORY_PRIMITIVE property set to distributed. A value of block is required. You will not be able to use the updatemem program to update the bitstream with new data for the System_Top_i/smartconnect_0/inst/m00_nodes/m00_r_node/inst/inst_mi_handler/gen_normal_area.inst_fifo_node_payld/gen_xpm_memory_fifo.inst_fifo/gen_mem_rep[0].inst_xpm_memory/xpm_memory_base_inst block.
INFO: [Memdata 28-167] Found XPM memory block System_Top_i/smartconnect_0/inst/m00_nodes/m00_b_node/inst/inst_mi_handler/gen_normal_area.inst_fifo_node_payld/gen_xpm_memory_fifo.inst_fifo/gen_mem_rep[0].inst_xpm_memory/xpm_memory_base_inst with a P_MEMORY_PRIMITIVE property set to distributed. A value of block is required. You will not be able to use the updatemem program to update the bitstream with new data for the System_Top_i/smartconnect_0/inst/m00_nodes/m00_b_node/inst/inst_mi_handler/gen_normal_area.inst_fifo_node_payld/gen_xpm_memory_fifo.inst_fifo/gen_mem_rep[0].inst_xpm_memory/xpm_memory_base_inst block.
INFO: [Memdata 28-167] Found XPM memory block System_Top_i/smartconnect_0/inst/m00_nodes/m00_aw_node/inst/inst_mi_handler/gen_normal_area.inst_fifo_node_payld/gen_xpm_memory_fifo.inst_fifo/gen_mem_rep[0].inst_xpm_memory/xpm_memory_base_inst with a P_MEMORY_PRIMITIVE property set to distributed. A value of block is required. You will not be able to use the updatemem program to update the bitstream with new data for the System_Top_i/smartconnect_0/inst/m00_nodes/m00_aw_node/inst/inst_mi_handler/gen_normal_area.inst_fifo_node_payld/gen_xpm_memory_fifo.inst_fifo/gen_mem_rep[0].inst_xpm_memory/xpm_memory_base_inst block.
INFO: [Memdata 28-167] Found XPM memory block System_Top_i/smartconnect_0/inst/m00_nodes/m00_ar_node/inst/inst_mi_handler/gen_normal_area.inst_fifo_node_payld/gen_xpm_memory_fifo.inst_fifo/gen_mem_rep[0].inst_xpm_memory/xpm_memory_base_inst with a P_MEMORY_PRIMITIVE property set to distributed. A value of block is required. You will not be able to use the updatemem program to update the bitstream with new data for the System_Top_i/smartconnect_0/inst/m00_nodes/m00_ar_node/inst/inst_mi_handler/gen_normal_area.inst_fifo_node_payld/gen_xpm_memory_fifo.inst_fifo/gen_mem_rep[0].inst_xpm_memory/xpm_memory_base_inst block.
Command: write_bitstream -force System_Top_wrapper.bit
Attempting to get a license for feature 'Implementation' and/or device 'xc7z020'
INFO: [Common 17-349] Got license for feature 'Implementation' and/or device 'xc7z020'
Running DRC as a precondition to command write_bitstream
INFO: [IP_Flow 19-1839] IP Catalog is up to date.
INFO: [DRC 23-27] Running DRC with 8 threads
INFO: [Vivado 12-3199] DRC finished with 0 Errors
INFO: [Vivado 12-3200] Please refer to the DRC report (report_drc) for more information.
Integrating Hard IP ELF/MEM with the PDI.
INFO: [Designutils 20-2272] Running write_bitstream with 8 threads.
Loading data files...
Loading site data...
Loading route data...
Processing options...
Creating bitmap...
Creating bitstream...
Writing bitstream ./System_Top_wrapper.bit...
INFO: [Vivado 12-1842] Bitgen Completed Successfully.
INFO: [Common 17-83] Releasing license: Implementation
196 Infos, 1 Warnings, 0 Critical Warnings and 0 Errors encountered.
write_bitstream completed successfully
write_bitstream: Time (s): cpu = 00:00:18 ; elapsed = 00:00:26 . Memory (MB): peak = 3340.848 ; gain = 133.031 ; free physical = 222 ; free virtual = 8367
INFO: [Common 17-206] Exiting Vivado at Wed Apr 15 16:57:46 2026...
