#-----------------------------------------------------------
# Vivado v2025.2 (64-bit)
# SW Build 6299465 on Fri Nov 14 12:34:56 MST 2025
# IP Build 6300035 on Fri Nov 14 10:48:45 MST 2025
# SharedData Build 6298862 on Thu Nov 13 04:50:51 MST 2025
# Start of session at: Thu Mar 12 01:24:36 2026
# Process ID         : 58926
# Current directory  : /home/gary/Individual_Project_System/Individual_Project_System.runs/System_Top_processing_system7_0_0_synth_1
# Command line       : vivado -log System_Top_processing_system7_0_0.vds -product Vivado -mode batch -messageDb vivado.pb -notrace -source System_Top_processing_system7_0_0.tcl
# Log file           : /home/gary/Individual_Project_System/Individual_Project_System.runs/System_Top_processing_system7_0_0_synth_1/System_Top_processing_system7_0_0.vds
# Journal file       : /home/gary/Individual_Project_System/Individual_Project_System.runs/System_Top_processing_system7_0_0_synth_1/vivado.jou
# Running On         : gary-IdeaPad-Slim-5-Light-14ABR8
# Platform           : Ubuntu
# Operating System   : Ubuntu 24.04.4 LTS
# Processor Detail   : AMD Ryzen 7 7730U with Radeon Graphics
# CPU Frequency      : 3097.946 MHz
# CPU Physical cores : 8
# CPU Logical cores  : 16
# Host memory        : 14479 MB
# Swap memory        : 4294 MB
# Total Virtual      : 18774 MB
# Available Virtual  : 11174 MB
#-----------------------------------------------------------
source System_Top_processing_system7_0_0.tcl -notrace
